# ==================== BASELINE ====================
# Time: 2026-09-04 11:23:26
# Instance: /Users/samknows/stream1090/bench/rtl32/captures/t1_3200k_30s.cu8
# FS: 3.2 MHz → FS_UP: 16.0 MHz
# Number of taps: 27
# Built-in score: 20616
# Built-in message count: 15503
# Built-in DF17 count: 2283

# ================================================================
# Instance: /Users/samknows/stream1090/bench/rtl32/captures/t1_3200k_30s.cu8
# Time: 2026-09-04 11:26:05
# FS: 3.2 MHz → FS_UP: 16.0 MHz
# Number of taps: 27
# Best score: 20638
# Best message count: 15536
# Best DF17 count: 2274
# Best params: [0.9532003720511101, 0.4457739386700119, 0.33621245290351265, 0.5511540701587225, 0.3072095289428816, 0.4354600008192692, 0.31826671657997924, 0.5224261133081546, 0.3863143202258641, 0.47916280688182306, 0.25227618231817717, 0.25043816192121576, -0.025573236281391257]
# Current bounds:
# [0.624963, 1.024963]
# [0.373378, 0.773378]
# [0.267121, 0.667121]
# [0.244567, 0.644567]
# [0.251943, 0.651943]
# [0.270140, 0.670140]
# [0.276827, 0.676827]
# [0.270208, 0.670208]
# [0.274130, 0.674130]
# [0.292737, 0.692737]
# [0.218087, 0.618087]
# [-0.004618, 0.395382]
# [-0.169127, 0.230873]
# Best taps:
-0.0007463854853995144
-0.001373923267237842
-0.0015506591880694032
-0.0018573091365396976
1.202858766191639e-05
0.0031904045026749372
0.013631325215101242
0.017789136618375778
0.026906834915280342
0.012374015524983406
0.08600611239671707
0.00440668361261487
0.12544259428977966
0.43153831362724304
0.12544259428977966
0.00440668361261487
0.08600611239671707
0.012374015524983406
0.026906834915280342
0.017789136618375778
0.013631325215101242
0.0031904045026749372
1.202858766191639e-05
-0.0018573091365396976
-0.0015506591880694032
-0.001373923267237842
-0.0007463854853995144

# ==================== END OF RUN ====================
# Time: 2026-09-04 11:27:23
# Instance: /Users/samknows/stream1090/bench/rtl32/captures/t1_3200k_30s.cu8
# FS: 3.2 MHz → FS_UP: 16.0 MHz
# Number of taps: 27
# Best params: [0.9532003720511101, 0.4457739386700119, 0.33621245290351265, 0.5511540701587225, 0.3072095289428816, 0.4354600008192692, 0.31826671657997924, 0.5224261133081546, 0.3863143202258641, 0.47916280688182306, 0.25227618231817717, 0.25043816192121576, -0.025573236281391257]
# Best score: 20638
# Best message count: 15536
# Best DF17 count: 2274
# Current bounds:
# [0.624963, 1.024963]
# [0.373378, 0.773378]
# [0.267121, 0.667121]
# [0.244567, 0.644567]
# [0.251943, 0.651943]
# [0.270140, 0.670140]
# [0.276827, 0.676827]
# [0.270208, 0.670208]
# [0.274130, 0.674130]
# [0.292737, 0.692737]
# [0.218087, 0.618087]
# [-0.004618, 0.395382]
# [-0.169127, 0.230873]
# Best taps:
-0.0007463854853995144
-0.001373923267237842
-0.0015506591880694032
-0.0018573091365396976
1.202858766191639e-05
0.0031904045026749372
0.013631325215101242
0.017789136618375778
0.026906834915280342
0.012374015524983406
0.08600611239671707
0.00440668361261487
0.12544259428977966
0.43153831362724304
0.12544259428977966
0.00440668361261487
0.08600611239671707
0.012374015524983406
0.026906834915280342
0.017789136618375778
0.013631325215101242
0.0031904045026749372
1.202858766191639e-05
-0.0018573091365396976
-0.0015506591880694032
-0.001373923267237842
-0.0007463854853995144

# ================================================================
# Instance: /Users/samknows/stream1090/bench/rtl32/captures/t1_3200k_30s.cu8
# Time: 2026-09-04 11:30:01
# FS: 3.2 MHz → FS_UP: 16.0 MHz
# Number of taps: 27
# Best score: 20676
# Best message count: 15563
# Best DF17 count: 2289
# Best params: [0.9740865442072539, 0.4254092963873066, 0.3214454180769594, 0.5529492683615802, 0.25823559867370516, 0.5422900274734435, 0.3073328576817921, 0.4283135254778384, 0.4862934493606871, 0.3846720941855965, 0.4716861379873358, 0.06396065294379524, -0.02239183187067647]
# Current bounds:
# [0.875161, 1.031239]
# [0.420774, 0.470774]
# [0.225812, 0.446613]
# [0.506095, 0.596213]
# [0.138056, 0.476363]
# [0.258662, 0.612258]
# [0.254262, 0.382271]
# [0.410317, 0.634535]
# [0.138467, 0.634162]
# [0.275595, 0.682730]
# [-0.138524, 0.643076]
# [0.041806, 0.459070]
# [-0.104519, 0.053373]
# Best taps:
0.0005978033877909184
-0.001960623310878873
-0.004052573349326849
0.0013010979164391756
-0.0010230307234451175
0.007171982433646917
0.005769727285951376
0.01960533671081066
0.035198938101530075
0.00902769435197115
0.09028064459562302
-0.00047975144116207957
0.1256548911333084
0.4258158206939697
0.1256548911333084
-0.00047975144116207957
0.09028064459562302
0.00902769435197115
0.035198938101530075
0.01960533671081066
0.005769727285951376
0.007171982433646917
-0.0010230307234451175
0.0013010979164391756
-0.004052573349326849
-0.001960623310878873
0.0005978033877909184

# ==================== END OF RUN ====================
# Time: 2026-09-04 11:30:01
# Instance: /Users/samknows/stream1090/bench/rtl32/captures/t1_3200k_30s.cu8
# FS: 3.2 MHz → FS_UP: 16.0 MHz
# Number of taps: 27
# Best params: [0.9740865442072539, 0.4254092963873066, 0.3214454180769594, 0.5529492683615802, 0.25823559867370516, 0.5422900274734435, 0.3073328576817921, 0.4283135254778384, 0.4862934493606871, 0.3846720941855965, 0.4716861379873358, 0.06396065294379524, -0.02239183187067647]
# Best score: 20676
# Best message count: 15563
# Best DF17 count: 2289
# Current bounds:
# [0.875161, 1.031239]
# [0.420774, 0.470774]
# [0.225812, 0.446613]
# [0.506095, 0.596213]
# [0.138056, 0.476363]
# [0.258662, 0.612258]
# [0.254262, 0.382271]
# [0.410317, 0.634535]
# [0.138467, 0.634162]
# [0.275595, 0.682730]
# [-0.138524, 0.643076]
# [0.041806, 0.459070]
# [-0.104519, 0.053373]
# Best taps:
0.0005978033877909184
-0.001960623310878873
-0.004052573349326849
0.0013010979164391756
-0.0010230307234451175
0.007171982433646917
0.005769727285951376
0.01960533671081066
0.035198938101530075
0.00902769435197115
0.09028064459562302
-0.00047975144116207957
0.1256548911333084
0.4258158206939697
0.1256548911333084
-0.00047975144116207957
0.09028064459562302
0.00902769435197115
0.035198938101530075
0.01960533671081066
0.005769727285951376
0.007171982433646917
-0.0010230307234451175
0.0013010979164391756
-0.004052573349326849
-0.001960623310878873
0.0005978033877909184

# ================================================================
# Instance: /Users/samknows/stream1090/bench/rtl32/captures/t1_3200k_30s.cu8
# Time: 2026-09-04 11:32:40
# FS: 3.2 MHz → FS_UP: 16.0 MHz
# Number of taps: 27
# Best score: 20701
# Best message count: 15578
# Best DF17 count: 2287
# Best params: [0.9953199281616545, 0.3935958676654075, 0.3755546336915596, 0.5690382793590208, 0.2867639533658869, 0.5599093755235659, 0.3289429579884549, 0.4527296034158257, 0.46714632259664796, 0.4284770792599432, 0.4047225592481404, 0.10598402273462526, -0.012635746053984159]
# Current bounds:
# [0.885993, 1.062180]
# [0.389599, 0.461220]
# [0.156144, 0.486747]
# [0.507351, 0.598547]
# [0.226513, 0.289958]
# [0.424048, 0.660532]
# [0.282333, 0.332333]
# [0.211535, 0.645092]
# [0.453427, 0.519160]
# [0.339067, 0.430277]
# [0.377967, 0.565405]
# [-0.011771, 0.139693]
# [-0.064437, 0.019654]
# Best taps:
1.2907808923046105e-05
-0.0020984152797609568
-0.00342523492872715
0.0005257895099930465
0.0007731063524261117
0.007456693332642317
0.007171218283474445
0.020245693624019623
0.033380597829818726
0.010041123256087303
0.08474491536617279
-0.0038146914448589087
0.12777714431285858
0.434418261051178
0.12777714431285858
-0.0038146914448589087
0.08474491536617279
0.010041123256087303
0.033380597829818726
0.020245693624019623
0.007171218283474445
0.007456693332642317
0.0007731063524261117
0.0005257895099930465
-0.00342523492872715
-0.0020984152797609568
1.2907808923046105e-05

# ==================== END OF RUN ====================
# Time: 2026-09-04 11:32:40
# Instance: /Users/samknows/stream1090/bench/rtl32/captures/t1_3200k_30s.cu8
# FS: 3.2 MHz → FS_UP: 16.0 MHz
# Number of taps: 27
# Best params: [0.9953199281616545, 0.3935958676654075, 0.3755546336915596, 0.5690382793590208, 0.2867639533658869, 0.5599093755235659, 0.3289429579884549, 0.4527296034158257, 0.46714632259664796, 0.4284770792599432, 0.4047225592481404, 0.10598402273462526, -0.012635746053984159]
# Best score: 20701
# Best message count: 15578
# Best DF17 count: 2287
# Current bounds:
# [0.885993, 1.062180]
# [0.389599, 0.461220]
# [0.156144, 0.486747]
# [0.507351, 0.598547]
# [0.226513, 0.289958]
# [0.424048, 0.660532]
# [0.282333, 0.332333]
# [0.211535, 0.645092]
# [0.453427, 0.519160]
# [0.339067, 0.430277]
# [0.377967, 0.565405]
# [-0.011771, 0.139693]
# [-0.064437, 0.019654]
# Best taps:
1.2907808923046105e-05
-0.0020984152797609568
-0.00342523492872715
0.0005257895099930465
0.0007731063524261117
0.007456693332642317
0.007171218283474445
0.020245693624019623
0.033380597829818726
0.010041123256087303
0.08474491536617279
-0.0038146914448589087
0.12777714431285858
0.434418261051178
0.12777714431285858
-0.0038146914448589087
0.08474491536617279
0.010041123256087303
0.033380597829818726
0.020245693624019623
0.007171218283474445
0.007456693332642317
0.0007731063524261117
0.0005257895099930465
-0.00342523492872715
-0.0020984152797609568
1.2907808923046105e-05

# ================================================================
# Instance: /Users/samknows/stream1090/bench/rtl32/captures/t1_3200k_30s.cu8
# Time: 2026-09-04 11:35:19
# FS: 3.2 MHz → FS_UP: 16.0 MHz
# Number of taps: 27
# Best score: 20714
# Best message count: 15594
# Best DF17 count: 2277
# Best params: [0.982861810063605, 0.3932333333472879, 0.3648157693799317, 0.5638752433732367, 0.3407857766988598, 0.548928391850423, 0.33362138324672386, 0.47793683704627277, 0.47296693662158784, 0.44340341085143503, 0.38935977508621256, 0.156074168766111, 0.005472289890551697]
# Current bounds:
# [0.970320, 1.020320]
# [0.368596, 0.418596]
# [0.350555, 0.400555]
# [0.544038, 0.594038]
# [0.184753, 0.388775]
# [0.522381, 0.597438]
# [0.244134, 0.413752]
# [0.403897, 0.501562]
# [0.442146, 0.492146]
# [0.314975, 0.541980]
# [0.365488, 0.443958]
# [-0.034684, 0.246652]
# [-0.037636, 0.012364]
# Best taps:
-0.00014982634456828237
-0.0019033082062378526
-0.0028568508569151163
0.00024909040075726807
0.0005649540107697248
0.005202700383961201
0.009141766466200352
0.021333638578653336
0.03466353565454483
0.010563408955931664
0.0826151892542839
-0.00570647232234478
0.1233968511223793
0.4457706809043884
0.1233968511223793
-0.00570647232234478
0.0826151892542839
0.010563408955931664
0.03466353565454483
0.021333638578653336
0.009141766466200352
0.005202700383961201
0.0005649540107697248
0.00024909040075726807
-0.0028568508569151163
-0.0019033082062378526
-0.00014982634456828237

# ==================== END OF RUN ====================
# Time: 2026-09-04 11:35:19
# Instance: /Users/samknows/stream1090/bench/rtl32/captures/t1_3200k_30s.cu8
# FS: 3.2 MHz → FS_UP: 16.0 MHz
# Number of taps: 27
# Best params: [0.982861810063605, 0.3932333333472879, 0.3648157693799317, 0.5638752433732367, 0.3407857766988598, 0.548928391850423, 0.33362138324672386, 0.47793683704627277, 0.47296693662158784, 0.44340341085143503, 0.38935977508621256, 0.156074168766111, 0.005472289890551697]
# Best score: 20714
# Best message count: 15594
# Best DF17 count: 2277
# Current bounds:
# [0.970320, 1.020320]
# [0.368596, 0.418596]
# [0.350555, 0.400555]
# [0.544038, 0.594038]
# [0.184753, 0.388775]
# [0.522381, 0.597438]
# [0.244134, 0.413752]
# [0.403897, 0.501562]
# [0.442146, 0.492146]
# [0.314975, 0.541980]
# [0.365488, 0.443958]
# [-0.034684, 0.246652]
# [-0.037636, 0.012364]
# Best taps:
-0.00014982634456828237
-0.0019033082062378526
-0.0028568508569151163
0.00024909040075726807
0.0005649540107697248
0.005202700383961201
0.009141766466200352
0.021333638578653336
0.03466353565454483
0.010563408955931664
0.0826151892542839
-0.00570647232234478
0.1233968511223793
0.4457706809043884
0.1233968511223793
-0.00570647232234478
0.0826151892542839
0.010563408955931664
0.03466353565454483
0.021333638578653336
0.009141766466200352
0.005202700383961201
0.0005649540107697248
0.00024909040075726807
-0.0028568508569151163
-0.0019033082062378526
-0.00014982634456828237

# ================================================================
# Instance: /Users/samknows/stream1090/bench/rtl32/captures/t1_3200k_30s.cu8
# Time: 2026-09-04 11:37:59
# FS: 3.2 MHz → FS_UP: 16.0 MHz
# Number of taps: 27
# Best score: 20724
# Best message count: 15598
# Best DF17 count: 2285
# Best params: [0.9747206508651316, 0.39273066811644797, 0.3426017761909889, 0.5691135514201017, 0.2646968372244405, 0.5508401401765924, 0.3545403925002317, 0.43014948526969476, 0.48675448843606894, 0.4375417779335819, 0.37111538148837586, 0.13258495660816913, 0.010582072748276682]
# Current bounds:
# [0.931663, 1.034060]
# [0.365218, 0.421248]
# [0.339816, 0.389816]
# [0.527253, 0.600498]
# [0.144832, 0.536740]
# [0.516243, 0.581614]
# [0.235069, 0.432174]
# [0.365697, 0.590177]
# [0.447967, 0.497967]
# [0.266100, 0.620707]
# [0.364360, 0.414360]
# [0.007820, 0.304329]
# [-0.035809, 0.046754]
# Best taps:
0.00010511838627280667
-0.0018262231023982167
-0.003522788640111685
-0.000638457655441016
0.002007030649110675
0.0070467256009578705
0.007421586196869612
0.020584460347890854
0.03276822715997696
0.013295174576342106
0.08559983968734741
-0.003591496031731367
0.12272689491510391
0.43604776263237
0.12272689491510391
-0.003591496031731367
0.08559983968734741
0.013295174576342106
0.03276822715997696
0.020584460347890854
0.007421586196869612
0.0070467256009578705
0.002007030649110675
-0.000638457655441016
-0.003522788640111685
-0.0018262231023982167
0.00010511838627280667

# ==================== END OF RUN ====================
# Time: 2026-09-04 11:37:59
# Instance: /Users/samknows/stream1090/bench/rtl32/captures/t1_3200k_30s.cu8
# FS: 3.2 MHz → FS_UP: 16.0 MHz
# Number of taps: 27
# Best params: [0.9747206508651316, 0.39273066811644797, 0.3426017761909889, 0.5691135514201017, 0.2646968372244405, 0.5508401401765924, 0.3545403925002317, 0.43014948526969476, 0.48675448843606894, 0.4375417779335819, 0.37111538148837586, 0.13258495660816913, 0.010582072748276682]
# Best score: 20724
# Best message count: 15598
# Best DF17 count: 2285
# Current bounds:
# [0.931663, 1.034060]
# [0.365218, 0.421248]
# [0.339816, 0.389816]
# [0.527253, 0.600498]
# [0.144832, 0.536740]
# [0.516243, 0.581614]
# [0.235069, 0.432174]
# [0.365697, 0.590177]
# [0.447967, 0.497967]
# [0.266100, 0.620707]
# [0.364360, 0.414360]
# [0.007820, 0.304329]
# [-0.035809, 0.046754]
# Best taps:
0.00010511838627280667
-0.0018262231023982167
-0.003522788640111685
-0.000638457655441016
0.002007030649110675
0.0070467256009578705
0.007421586196869612
0.020584460347890854
0.03276822715997696
0.013295174576342106
0.08559983968734741
-0.003591496031731367
0.12272689491510391
0.43604776263237
0.12272689491510391
-0.003591496031731367
0.08559983968734741
0.013295174576342106
0.03276822715997696
0.020584460347890854
0.007421586196869612
0.0070467256009578705
0.002007030649110675
-0.000638457655441016
-0.003522788640111685
-0.0018262231023982167
0.00010511838627280667

# ==================== END OF RUN ====================
# Time: 2026-09-04 11:40:35
# Instance: /Users/samknows/stream1090/bench/rtl32/captures/t1_3200k_30s.cu8
# FS: 3.2 MHz → FS_UP: 16.0 MHz
# Number of taps: 27
# Best params: [0.9747206508651316, 0.39273066811644797, 0.3426017761909889, 0.5691135514201017, 0.2646968372244405, 0.5508401401765924, 0.3545403925002317, 0.43014948526969476, 0.48675448843606894, 0.4375417779335819, 0.37111538148837586, 0.13258495660816913, 0.010582072748276682]
# Best score: 20724
# Best message count: 15598
# Best DF17 count: 2285
# Current bounds:
# [0.949721, 0.999721]
# [0.347939, 0.437523]
# [0.278862, 0.406342]
# [0.495759, 0.642468]
# [0.182975, 0.346419]
# [0.525840, 0.575840]
# [0.120147, 0.588934]
# [0.303123, 0.557176]
# [0.419814, 0.553695]
# [0.273123, 0.601961]
# [0.346115, 0.396115]
# [-0.000976, 0.266146]
# [-0.014418, 0.035582]
# Best taps:
0.00010511838627280667
-0.0018262231023982167
-0.003522788640111685
-0.000638457655441016
0.002007030649110675
0.0070467256009578705
0.007421586196869612
0.020584460347890854
0.03276822715997696
0.013295174576342106
0.08559983968734741
-0.003591496031731367
0.12272689491510391
0.43604776263237
0.12272689491510391
-0.003591496031731367
0.08559983968734741
0.013295174576342106
0.03276822715997696
0.020584460347890854
0.007421586196869612
0.0070467256009578705
0.002007030649110675
-0.000638457655441016
-0.003522788640111685
-0.0018262231023982167
0.00010511838627280667

# ================================================================
# Instance: /Users/samknows/stream1090/bench/rtl32/captures/t1_3200k_30s.cu8
# Time: 2026-09-04 11:43:15
# FS: 3.2 MHz → FS_UP: 16.0 MHz
# Number of taps: 27
# Best score: 20744
# Best message count: 15609
# Best DF17 count: 2289
# Best params: [0.9802971161919958, 0.37946100152898193, 0.33757752268927876, 0.5466121556117706, 0.28747668568269774, 0.5429595572681868, 0.34928855731213687, 0.3895579339798392, 0.49963224626702873, 0.41100032410639004, 0.346230129204089, 0.19805358451238292, 0.0010777446652947813]
# Current bounds:
# [0.946276, 1.003166]
# [0.367731, 0.417731]
# [0.317573, 0.367630]
# [0.506538, 0.631689]
# [0.189588, 0.339806]
# [0.525168, 0.576513]
# [0.329540, 0.379540]
# [0.306594, 0.553705]
# [0.426755, 0.546754]
# [0.394773, 0.480311]
# [0.341129, 0.401102]
# [0.061126, 0.204044]
# [-0.014418, 0.035582]
# Best taps:
-0.00015492869715671986
-0.0014092990895733237
-0.003713794518262148
-0.0007254634983837605
0.003202534280717373
0.004472673404961824
0.008833345025777817
0.02006460539996624
0.036050986498594284
0.0141562195494771
0.08235533535480499
0.0005511494819074869
0.12060444802045822
0.4314243495464325
0.12060444802045822
0.0005511494819074869
0.08235533535480499
0.0141562195494771
0.036050986498594284
0.02006460539996624
0.008833345025777817
0.004472673404961824
0.003202534280717373
-0.0007254634983837605
-0.003713794518262148
-0.0014092990895733237
-0.00015492869715671986

# ==================== END OF RUN ====================
# Time: 2026-09-04 11:43:15
# Instance: /Users/samknows/stream1090/bench/rtl32/captures/t1_3200k_30s.cu8
# FS: 3.2 MHz → FS_UP: 16.0 MHz
# Number of taps: 27
# Best params: [0.9802971161919958, 0.37946100152898193, 0.33757752268927876, 0.5466121556117706, 0.28747668568269774, 0.5429595572681868, 0.34928855731213687, 0.3895579339798392, 0.49963224626702873, 0.41100032410639004, 0.346230129204089, 0.19805358451238292, 0.0010777446652947813]
# Best score: 20744
# Best message count: 15609
# Best DF17 count: 2289
# Current bounds:
# [0.946276, 1.003166]
# [0.367731, 0.417731]
# [0.317573, 0.367630]
# [0.506538, 0.631689]
# [0.189588, 0.339806]
# [0.525168, 0.576513]
# [0.329540, 0.379540]
# [0.306594, 0.553705]
# [0.426755, 0.546754]
# [0.394773, 0.480311]
# [0.341129, 0.401102]
# [0.061126, 0.204044]
# [-0.014418, 0.035582]
# Best taps:
-0.00015492869715671986
-0.0014092990895733237
-0.003713794518262148
-0.0007254634983837605
0.003202534280717373
0.004472673404961824
0.008833345025777817
0.02006460539996624
0.036050986498594284
0.0141562195494771
0.08235533535480499
0.0005511494819074869
0.12060444802045822
0.4314243495464325
0.12060444802045822
0.0005511494819074869
0.08235533535480499
0.0141562195494771
0.036050986498594284
0.02006460539996624
0.008833345025777817
0.004472673404961824
0.003202534280717373
-0.0007254634983837605
-0.003713794518262148
-0.0014092990895733237
-0.00015492869715671986

# ==================== END OF RUN ====================
# Time: 2026-09-04 11:45:51
# Instance: /Users/samknows/stream1090/bench/rtl32/captures/t1_3200k_30s.cu8
# FS: 3.2 MHz → FS_UP: 16.0 MHz
# Number of taps: 27
# Best params: [0.9802971161919958, 0.37946100152898193, 0.33757752268927876, 0.5466121556117706, 0.28747668568269774, 0.5429595572681868, 0.34928855731213687, 0.3895579339798392, 0.49963224626702873, 0.41100032410639004, 0.346230129204089, 0.19805358451238292, 0.0010777446652947813]
# Best score: 20744
# Best message count: 15609
# Best DF17 count: 2289
# Current bounds:
# [0.955297, 1.005297]
# [0.352451, 0.406471]
# [0.312578, 0.362578]
# [0.496299, 0.596926]
# [0.211005, 0.363948]
# [0.478475, 0.607444]
# [0.321020, 0.377557]
# [0.359345, 0.419771]
# [0.435105, 0.564160]
# [0.386000, 0.436000]
# [0.321230, 0.371230]
# [0.134437, 0.261671]
# [-0.040069, 0.042225]
# Best taps:
-0.00015492869715671986
-0.0014092990895733237
-0.003713794518262148
-0.0007254634983837605
0.003202534280717373
0.004472673404961824
0.008833345025777817
0.02006460539996624
0.036050986498594284
0.0141562195494771
0.08235533535480499
0.0005511494819074869
0.12060444802045822
0.4314243495464325
0.12060444802045822
0.0005511494819074869
0.08235533535480499
0.0141562195494771
0.036050986498594284
0.02006460539996624
0.008833345025777817
0.004472673404961824
0.003202534280717373
-0.0007254634983837605
-0.003713794518262148
-0.0014092990895733237
-0.00015492869715671986

# ================================================================
# Instance: /Users/samknows/stream1090/bench/rtl32/captures/t1_3200k_30s.cu8
# Time: 2026-09-04 11:48:32
# FS: 3.2 MHz → FS_UP: 16.0 MHz
# Number of taps: 27
# Best score: 20752
# Best message count: 15620
# Best DF17 count: 2283
# Best params: [0.9893319113539192, 0.3840368714395217, 0.34323024457719126, 0.5802993128843539, 0.288924772792706, 0.536882436765937, 0.3589185367683751, 0.39979463548832317, 0.5130917121723454, 0.3874028632109003, 0.32788082000432445, 0.21040777212780395, 0.04239038456780834]
# Current bounds:
# [0.955297, 1.005297]
# [0.330860, 0.428062]
# [0.287990, 0.387166]
# [0.510638, 0.582586]
# [0.262477, 0.312477]
# [0.517960, 0.567960]
# [0.324289, 0.374289]
# [0.363615, 0.415501]
# [0.474632, 0.524632]
# [0.386000, 0.436000]
# [0.321230, 0.371230]
# [0.123784, 0.272323]
# [-0.052732, 0.054888]
# Best taps:
-3.557445961632766e-05
-0.0014732715208083391
-0.0038045349065214396
-0.0012921345187351108
0.0035417687613517046
0.003739704843610525
0.011193188838660717
0.020418159663677216
0.03265124186873436
0.0162251815199852
0.07768961787223816
0.0024088830687105656
0.12063637375831604
0.4362027943134308
0.12063637375831604
0.0024088830687105656
0.07768961787223816
0.0162251815199852
0.03265124186873436
0.020418159663677216
0.011193188838660717
0.003739704843610525
0.0035417687613517046
-0.0012921345187351108
-0.0038045349065214396
-0.0014732715208083391
-3.557445961632766e-05

# ==================== END OF RUN ====================
# Time: 2026-09-04 11:48:32
# Instance: /Users/samknows/stream1090/bench/rtl32/captures/t1_3200k_30s.cu8
# FS: 3.2 MHz → FS_UP: 16.0 MHz
# Number of taps: 27
# Best params: [0.9893319113539192, 0.3840368714395217, 0.34323024457719126, 0.5802993128843539, 0.288924772792706, 0.536882436765937, 0.3589185367683751, 0.39979463548832317, 0.5130917121723454, 0.3874028632109003, 0.32788082000432445, 0.21040777212780395, 0.04239038456780834]
# Best score: 20752
# Best message count: 15620
# Best DF17 count: 2283
# Current bounds:
# [0.955297, 1.005297]
# [0.330860, 0.428062]
# [0.287990, 0.387166]
# [0.510638, 0.582586]
# [0.262477, 0.312477]
# [0.517960, 0.567960]
# [0.324289, 0.374289]
# [0.363615, 0.415501]
# [0.474632, 0.524632]
# [0.386000, 0.436000]
# [0.321230, 0.371230]
# [0.123784, 0.272323]
# [-0.052732, 0.054888]
# Best taps:
-3.557445961632766e-05
-0.0014732715208083391
-0.0038045349065214396
-0.0012921345187351108
0.0035417687613517046
0.003739704843610525
0.011193188838660717
0.020418159663677216
0.03265124186873436
0.0162251815199852
0.07768961787223816
0.0024088830687105656
0.12063637375831604
0.4362027943134308
0.12063637375831604
0.0024088830687105656
0.07768961787223816
0.0162251815199852
0.03265124186873436
0.020418159663677216
0.011193188838660717
0.003739704843610525
0.0035417687613517046
-0.0012921345187351108
-0.0038045349065214396
-0.0014732715208083391
-3.557445961632766e-05

# ==================== END OF RUN ====================
# Time: 2026-09-04 11:51:08
# Instance: /Users/samknows/stream1090/bench/rtl32/captures/t1_3200k_30s.cu8
# FS: 3.2 MHz → FS_UP: 16.0 MHz
# Number of taps: 27
# Best params: [0.9893319113539192, 0.3840368714395217, 0.34323024457719126, 0.5802993128843539, 0.288924772792706, 0.536882436765937, 0.3589185367683751, 0.39979463548832317, 0.5130917121723454, 0.3874028632109003, 0.32788082000432445, 0.21040777212780395, 0.04239038456780834]
# Best score: 20752
# Best message count: 15620
# Best DF17 count: 2283
# Current bounds:
# [0.964332, 1.014332]
# [0.302538, 0.465536]
# [0.306450, 0.380010]
# [0.521664, 0.638934]
# [0.263925, 0.313925]
# [0.500662, 0.573103]
# [0.333919, 0.383919]
# [0.374795, 0.424795]
# [0.488092, 0.538092]
# [0.351891, 0.422914]
# [0.302881, 0.352881]
# [0.185134, 0.235682]
# [-0.071946, 0.156727]
# Best taps:
-3.557445961632766e-05
-0.0014732715208083391
-0.0038045349065214396
-0.0012921345187351108
0.0035417687613517046
0.003739704843610525
0.011193188838660717
0.020418159663677216
0.03265124186873436
0.0162251815199852
0.07768961787223816
0.0024088830687105656
0.12063637375831604
0.4362027943134308
0.12063637375831604
0.0024088830687105656
0.07768961787223816
0.0162251815199852
0.03265124186873436
0.020418159663677216
0.011193188838660717
0.003739704843610525
0.0035417687613517046
-0.0012921345187351108
-0.0038045349065214396
-0.0014732715208083391
-3.557445961632766e-05

# ================================================================
# Instance: /Users/samknows/stream1090/bench/rtl32/captures/t1_3200k_30s.cu8
# Time: 2026-09-04 11:53:49
# FS: 3.2 MHz → FS_UP: 16.0 MHz
# Number of taps: 27
# Best score: 20753
# Best message count: 15617
# Best DF17 count: 2289
# Best params: [0.980724783183744, 0.3887843660040245, 0.3252166970129661, 0.602208531203132, 0.2741711489806182, 0.5262176917080261, 0.36961382798986775, 0.4171756193980298, 0.5233566904476795, 0.3835266294171469, 0.3373699171820201, 0.21978128313838646, 0.03658332386554118]
# Current bounds:
# [0.956399, 1.022265]
# [0.263788, 0.504285]
# [0.318230, 0.368230]
# [0.540958, 0.619641]
# [0.239105, 0.338745]
# [0.511882, 0.561882]
# [0.327579, 0.390258]
# [0.374795, 0.424795]
# [0.479779, 0.546405]
# [0.362403, 0.412403]
# [0.297385, 0.358377]
# [0.177470, 0.243345]
# [0.017390, 0.067390]
# Best taps:
7.762352470308542e-05
-0.001399003667756915
-0.0040575494058430195
-0.0015417123213410378
0.003050181083381176
0.003973809536546469
0.012965348549187183
0.019932527095079422
0.031768374145030975
0.01605258695781231
0.07969436794519424
0.0007217208622023463
0.11896069347858429
0.4396021068096161
0.11896069347858429
0.0007217208622023463
0.07969436794519424
0.01605258695781231
0.031768374145030975
0.019932527095079422
0.012965348549187183
0.003973809536546469
0.003050181083381176
-0.0015417123213410378
-0.0040575494058430195
-0.001399003667756915
7.762352470308542e-05

# ==================== END OF RUN ====================
# Time: 2026-09-04 11:53:49
# Instance: /Users/samknows/stream1090/bench/rtl32/captures/t1_3200k_30s.cu8
# FS: 3.2 MHz → FS_UP: 16.0 MHz
# Number of taps: 27
# Best params: [0.980724783183744, 0.3887843660040245, 0.3252166970129661, 0.602208531203132, 0.2741711489806182, 0.5262176917080261, 0.36961382798986775, 0.4171756193980298, 0.5233566904476795, 0.3835266294171469, 0.3373699171820201, 0.21978128313838646, 0.03658332386554118]
# Best score: 20753
# Best message count: 15617
# Best DF17 count: 2289
# Current bounds:
# [0.956399, 1.022265]
# [0.263788, 0.504285]
# [0.318230, 0.368230]
# [0.540958, 0.619641]
# [0.239105, 0.338745]
# [0.511882, 0.561882]
# [0.327579, 0.390258]
# [0.374795, 0.424795]
# [0.479779, 0.546405]
# [0.362403, 0.412403]
# [0.297385, 0.358377]
# [0.177470, 0.243345]
# [0.017390, 0.067390]
# Best taps:
7.762352470308542e-05
-0.001399003667756915
-0.0040575494058430195
-0.0015417123213410378
0.003050181083381176
0.003973809536546469
0.012965348549187183
0.019932527095079422
0.031768374145030975
0.01605258695781231
0.07969436794519424
0.0007217208622023463
0.11896069347858429
0.4396021068096161
0.11896069347858429
0.0007217208622023463
0.07969436794519424
0.01605258695781231
0.031768374145030975
0.019932527095079422
0.012965348549187183
0.003973809536546469
0.003050181083381176
-0.0015417123213410378
-0.0040575494058430195
-0.001399003667756915
7.762352470308542e-05

# ==================== END OF RUN ====================
# Time: 2026-09-04 11:56:26
# Instance: /Users/samknows/stream1090/bench/rtl32/captures/t1_3200k_30s.cu8
# FS: 3.2 MHz → FS_UP: 16.0 MHz
# Number of taps: 27
# Best params: [0.980724783183744, 0.3887843660040245, 0.3252166970129661, 0.602208531203132, 0.2741711489806182, 0.5262176917080261, 0.36961382798986775, 0.4171756193980298, 0.5233566904476795, 0.3835266294171469, 0.3373699171820201, 0.21978128313838646, 0.03658332386554118]
# Best score: 20753
# Best message count: 15617
# Best DF17 count: 2289
# Current bounds:
# [0.955725, 1.005725]
# [0.363784, 0.413784]
# [0.289190, 0.361244]
# [0.558390, 0.646027]
# [0.244664, 0.303678]
# [0.501218, 0.551218]
# [0.344614, 0.394614]
# [0.382414, 0.451938]
# [0.498357, 0.548357]
# [0.358527, 0.408527]
# [0.312370, 0.362370]
# [0.194781, 0.244781]
# [0.011583, 0.061583]
# Best taps:
7.762352470308542e-05
-0.001399003667756915
-0.0040575494058430195
-0.0015417123213410378
0.003050181083381176
0.003973809536546469
0.012965348549187183
0.019932527095079422
0.031768374145030975
0.01605258695781231
0.07969436794519424
0.0007217208622023463
0.11896069347858429
0.4396021068096161
0.11896069347858429
0.0007217208622023463
0.07969436794519424
0.01605258695781231
0.031768374145030975
0.019932527095079422
0.012965348549187183
0.003973809536546469
0.003050181083381176
-0.0015417123213410378
-0.0040575494058430195
-0.001399003667756915
7.762352470308542e-05

# ==================== END OF RUN ====================
# Time: 2026-09-04 11:59:02
# Instance: /Users/samknows/stream1090/bench/rtl32/captures/t1_3200k_30s.cu8
# FS: 3.2 MHz → FS_UP: 16.0 MHz
# Number of taps: 27
# Best params: [0.980724783183744, 0.3887843660040245, 0.3252166970129661, 0.602208531203132, 0.2741711489806182, 0.5262176917080261, 0.36961382798986775, 0.4171756193980298, 0.5233566904476795, 0.3835266294171469, 0.3373699171820201, 0.21978128313838646, 0.03658332386554118]
# Best score: 20753
# Best message count: 15617
# Best DF17 count: 2289
# Current bounds:
# [0.955725, 1.005725]
# [0.363784, 0.413784]
# [0.300217, 0.350217]
# [0.577209, 0.627209]
# [0.218404, 0.329939]
# [0.501218, 0.551218]
# [0.344614, 0.394614]
# [0.360779, 0.473572]
# [0.498357, 0.548357]
# [0.358527, 0.408527]
# [0.312370, 0.362370]
# [0.194781, 0.244781]
# [-0.000715, 0.073881]
# Best taps:
7.762352470308542e-05
-0.001399003667756915
-0.0040575494058430195
-0.0015417123213410378
0.003050181083381176
0.003973809536546469
0.012965348549187183
0.019932527095079422
0.031768374145030975
0.01605258695781231
0.07969436794519424
0.0007217208622023463
0.11896069347858429
0.4396021068096161
0.11896069347858429
0.0007217208622023463
0.07969436794519424
0.01605258695781231
0.031768374145030975
0.019932527095079422
0.012965348549187183
0.003973809536546469
0.003050181083381176
-0.0015417123213410378
-0.0040575494058430195
-0.001399003667756915
7.762352470308542e-05

# ================================================================
# Instance: /Users/samknows/stream1090/bench/rtl32/captures/t1_3200k_30s.cu8
# Time: 2026-09-04 12:01:40
# FS: 3.2 MHz → FS_UP: 16.0 MHz
# Number of taps: 27
# Best score: 20758
# Best message count: 15623
# Best DF17 count: 2282
# Best params: [1.0018526189547814, 0.3688063464760668, 0.3341062620144208, 0.5657136793322041, 0.29169367092954496, 0.5574368755826238, 0.38647549161710826, 0.39530920289677285, 0.5308785756332005, 0.4157021769510615, 0.3200189179608645, 0.21156976877870592, 0.009500609701209577]
# Current bounds:
# [0.955725, 1.005725]
# [0.363784, 0.413784]
# [0.300217, 0.350217]
# [0.563570, 0.640847]
# [0.249171, 0.299171]
# [0.493450, 0.558985]
# [0.326433, 0.412795]
# [0.374792, 0.459560]
# [0.498357, 0.548357]
# [0.347020, 0.420033]
# [0.312370, 0.362370]
# [0.194420, 0.245143]
# [0.004519, 0.068647]
# Best taps:
-0.00023508345475420356
-0.001330170314759016
-0.003962269518524408
-0.0015229826094582677
0.003987330012023449
0.004181372933089733
0.00959786493331194
0.02085760422050953
0.03482430428266525
0.017670253291726112
0.08166330307722092
-0.0037520090118050575
0.12002864480018616
0.43598371744155884
0.12002864480018616
-0.0037520090118050575
0.08166330307722092
0.017670253291726112
0.03482430428266525
0.02085760422050953
0.00959786493331194
0.004181372933089733
0.003987330012023449
-0.0015229826094582677
-0.003962269518524408
-0.001330170314759016
-0.00023508345475420356

# ==================== END OF RUN ====================
# Time: 2026-09-04 12:01:40
# Instance: /Users/samknows/stream1090/bench/rtl32/captures/t1_3200k_30s.cu8
# FS: 3.2 MHz → FS_UP: 16.0 MHz
# Number of taps: 27
# Best params: [1.0018526189547814, 0.3688063464760668, 0.3341062620144208, 0.5657136793322041, 0.29169367092954496, 0.5574368755826238, 0.38647549161710826, 0.39530920289677285, 0.5308785756332005, 0.4157021769510615, 0.3200189179608645, 0.21156976877870592, 0.009500609701209577]
# Best score: 20758
# Best message count: 15623
# Best DF17 count: 2282
# Current bounds:
# [0.955725, 1.005725]
# [0.363784, 0.413784]
# [0.300217, 0.350217]
# [0.563570, 0.640847]
# [0.249171, 0.299171]
# [0.493450, 0.558985]
# [0.326433, 0.412795]
# [0.374792, 0.459560]
# [0.498357, 0.548357]
# [0.347020, 0.420033]
# [0.312370, 0.362370]
# [0.194420, 0.245143]
# [0.004519, 0.068647]
# Best taps:
-0.00023508345475420356
-0.001330170314759016
-0.003962269518524408
-0.0015229826094582677
0.003987330012023449
0.004181372933089733
0.00959786493331194
0.02085760422050953
0.03482430428266525
0.017670253291726112
0.08166330307722092
-0.0037520090118050575
0.12002864480018616
0.43598371744155884
0.12002864480018616
-0.0037520090118050575
0.08166330307722092
0.017670253291726112
0.03482430428266525
0.02085760422050953
0.00959786493331194
0.004181372933089733
0.003987330012023449
-0.0015229826094582677
-0.003962269518524408
-0.001330170314759016
-0.00023508345475420356

# ================================================================
# Instance: /Users/samknows/stream1090/bench/rtl32/captures/t1_3200k_30s.cu8
# Time: 2026-09-04 12:04:19
# FS: 3.2 MHz → FS_UP: 16.0 MHz
# Number of taps: 27
# Best score: 20767
# Best message count: 15630
# Best DF17 count: 2283
# Best params: [0.9879392716695875, 0.37622146817004937, 0.3303262297564122, 0.5962965633188851, 0.2403349878231798, 0.5764271530203305, 0.3837106583972339, 0.38322365819749543, 0.5276683233811568, 0.42968463706288174, 0.30666731238987455, 0.23136241133011462, 0.013832516306273095]
# Current bounds:
# [0.976853, 1.026853]
# [0.343806, 0.393806]
# [0.309106, 0.359106]
# [0.511415, 0.620013]
# [0.216819, 0.366568]
# [0.515965, 0.598908]
# [0.346654, 0.426297]
# [0.370309, 0.420309]
# [0.487540, 0.574217]
# [0.390702, 0.440702]
# [0.295019, 0.345019]
# [0.178222, 0.244917]
# [-0.015499, 0.034501]
# Best taps:
-0.00013454289000947028
-0.0014235948910936713
-0.004358434583991766
-0.002108068438246846
0.005266943480819464
0.0050438763573765755
0.00962788239121437
0.019721606746315956
0.03400382399559021
0.016475509852170944
0.08162065595388412
-0.002070322632789612
0.11906886100769043
0.4385316073894501
0.11906886100769043
-0.002070322632789612
0.08162065595388412
0.016475509852170944
0.03400382399559021
0.019721606746315956
0.00962788239121437
0.0050438763573765755
0.005266943480819464
-0.002108068438246846
-0.004358434583991766
-0.0014235948910936713
-0.00013454289000947028

# ==================== END OF RUN ====================
# Time: 2026-09-04 12:04:19
# Instance: /Users/samknows/stream1090/bench/rtl32/captures/t1_3200k_30s.cu8
# FS: 3.2 MHz → FS_UP: 16.0 MHz
# Number of taps: 27
# Best params: [0.9879392716695875, 0.37622146817004937, 0.3303262297564122, 0.5962965633188851, 0.2403349878231798, 0.5764271530203305, 0.3837106583972339, 0.38322365819749543, 0.5276683233811568, 0.42968463706288174, 0.30666731238987455, 0.23136241133011462, 0.013832516306273095]
# Best score: 20767
# Best message count: 15630
# Best DF17 count: 2283
# Current bounds:
# [0.976853, 1.026853]
# [0.343806, 0.393806]
# [0.309106, 0.359106]
# [0.511415, 0.620013]
# [0.216819, 0.366568]
# [0.515965, 0.598908]
# [0.346654, 0.426297]
# [0.370309, 0.420309]
# [0.487540, 0.574217]
# [0.390702, 0.440702]
# [0.295019, 0.345019]
# [0.178222, 0.244917]
# [-0.015499, 0.034501]
# Best taps:
-0.00013454289000947028
-0.0014235948910936713
-0.004358434583991766
-0.002108068438246846
0.005266943480819464
0.0050438763573765755
0.00962788239121437
0.019721606746315956
0.03400382399559021
0.016475509852170944
0.08162065595388412
-0.002070322632789612
0.11906886100769043
0.4385316073894501
0.11906886100769043
-0.002070322632789612
0.08162065595388412
0.016475509852170944
0.03400382399559021
0.019721606746315956
0.00962788239121437
0.0050438763573765755
0.005266943480819464
-0.002108068438246846
-0.004358434583991766
-0.0014235948910936713
-0.00013454289000947028

# ==================== END OF RUN ====================
# Time: 2026-09-04 12:06:57
# Instance: /Users/samknows/stream1090/bench/rtl32/captures/t1_3200k_30s.cu8
# FS: 3.2 MHz → FS_UP: 16.0 MHz
# Number of taps: 27
# Best params: [0.9879392716695875, 0.37622146817004937, 0.3303262297564122, 0.5962965633188851, 0.2403349878231798, 0.5764271530203305, 0.3837106583972339, 0.38322365819749543, 0.5276683233811568, 0.42968463706288174, 0.30666731238987455, 0.23136241133011462, 0.013832516306273095]
# Best score: 20767
# Best message count: 15630
# Best DF17 count: 2283
# Current bounds:
# [0.960113, 1.015766]
# [0.351221, 0.401221]
# [0.305326, 0.355326]
# [0.535131, 0.657462]
# [0.137618, 0.343052]
# [0.538447, 0.614408]
# [0.358711, 0.408711]
# [0.358224, 0.408224]
# [0.502668, 0.552668]
# [0.401720, 0.457650]
# [0.279964, 0.333371]
# [0.191777, 0.270948]
# [-0.011167, 0.038833]
# Best taps:
-0.00013454289000947028
-0.0014235948910936713
-0.004358434583991766
-0.002108068438246846
0.005266943480819464
0.0050438763573765755
0.00962788239121437
0.019721606746315956
0.03400382399559021
0.016475509852170944
0.08162065595388412
-0.002070322632789612
0.11906886100769043
0.4385316073894501
0.11906886100769043
-0.002070322632789612
0.08162065595388412
0.016475509852170944
0.03400382399559021
0.019721606746315956
0.00962788239121437
0.0050438763573765755
0.005266943480819464
-0.002108068438246846
-0.004358434583991766
-0.0014235948910936713
-0.00013454289000947028

# ==================== END OF RUN ====================
# Time: 2026-09-04 12:09:33
# Instance: /Users/samknows/stream1090/bench/rtl32/captures/t1_3200k_30s.cu8
# FS: 3.2 MHz → FS_UP: 16.0 MHz
# Number of taps: 27
# Best params: [0.9879392716695875, 0.37622146817004937, 0.3303262297564122, 0.5962965633188851, 0.2403349878231798, 0.5764271530203305, 0.3837106583972339, 0.38322365819749543, 0.5276683233811568, 0.42968463706288174, 0.30666731238987455, 0.23136241133011462, 0.013832516306273095]
# Best score: 20767
# Best message count: 15630
# Best DF17 count: 2283
# Current bounds:
# [0.962939, 1.012939]
# [0.351221, 0.401221]
# [0.305326, 0.355326]
# [0.511111, 0.681482]
# [0.125004, 0.355666]
# [0.526789, 0.626065]
# [0.345955, 0.421466]
# [0.358224, 0.408224]
# [0.485720, 0.569617]
# [0.404685, 0.454685]
# [0.281667, 0.331667]
# [0.206362, 0.256362]
# [-0.011167, 0.038833]
# Best taps:
-0.00013454289000947028
-0.0014235948910936713
-0.004358434583991766
-0.002108068438246846
0.005266943480819464
0.0050438763573765755
0.00962788239121437
0.019721606746315956
0.03400382399559021
0.016475509852170944
0.08162065595388412
-0.002070322632789612
0.11906886100769043
0.4385316073894501
0.11906886100769043
-0.002070322632789612
0.08162065595388412
0.016475509852170944
0.03400382399559021
0.019721606746315956
0.00962788239121437
0.0050438763573765755
0.005266943480819464
-0.002108068438246846
-0.004358434583991766
-0.0014235948910936713
-0.00013454289000947028

# ==================== END OF RUN ====================
# Time: 2026-09-04 12:12:12
# Instance: /Users/samknows/stream1090/bench/rtl32/captures/t1_3200k_30s.cu8
# FS: 3.2 MHz → FS_UP: 16.0 MHz
# Number of taps: 27
# Best params: [0.9879392716695875, 0.37622146817004937, 0.3303262297564122, 0.5962965633188851, 0.2403349878231798, 0.5764271530203305, 0.3837106583972339, 0.38322365819749543, 0.5276683233811568, 0.42968463706288174, 0.30666731238987455, 0.23136241133011462, 0.013832516306273095]
# Best score: 20767
# Best message count: 15630
# Best DF17 count: 2283
# Current bounds:
# [0.962939, 1.012939]
# [0.351221, 0.401221]
# [0.305326, 0.355326]
# [0.548975, 0.643618]
# [0.060878, 0.419792]
# [0.483475, 0.669379]
# [0.353997, 0.413424]
# [0.358224, 0.408224]
# [0.473021, 0.582315]
# [0.402201, 0.457168]
# [0.281667, 0.331667]
# [0.206362, 0.256362]
# [-0.015012, 0.042677]
# Best taps:
-0.00013454289000947028
-0.0014235948910936713
-0.004358434583991766
-0.002108068438246846
0.005266943480819464
0.0050438763573765755
0.00962788239121437
0.019721606746315956
0.03400382399559021
0.016475509852170944
0.08162065595388412
-0.002070322632789612
0.11906886100769043
0.4385316073894501
0.11906886100769043
-0.002070322632789612
0.08162065595388412
0.016475509852170944
0.03400382399559021
0.019721606746315956
0.00962788239121437
0.0050438763573765755
0.005266943480819464
-0.002108068438246846
-0.004358434583991766
-0.0014235948910936713
-0.00013454289000947028

