# ==================== BASELINE ====================
# Time: 2026-09-04 12:17:46
# Instance: /Users/samknows/stream1090/bench/rtl32/captures/t4_3200k_narrow_30s.cu8
# FS: 3.2 MHz → FS_UP: 16.0 MHz
# Number of taps: 27
# Built-in score: 12676
# Built-in message count: 9580
# Built-in DF17 count: 1492

# ================================================================
# Instance: /Users/samknows/stream1090/bench/rtl32/captures/t4_3200k_narrow_30s.cu8
# Time: 2026-09-04 12:19:08
# FS: 3.2 MHz → FS_UP: 16.0 MHz
# Number of taps: 27
# Best score: 12770
# Best message count: 9663
# Best DF17 count: 1496
# Best params: [0.898803497025005, 0.35358071416587883, 0.4675317991632861, 0.34442393591591436, 0.5816272582182247, 0.3146411675550511, 0.6131010088570472, 0.36686846458242417, 0.547977361074115, 0.35427775737170186, 0.2066164120654354, 0.10175015669936652, -0.16179590959104445]
# Current bounds:
# [0.574963, 1.074963]
# [0.323378, 0.823378]
# [0.217121, 0.717121]
# [0.194567, 0.694567]
# [0.201943, 0.701943]
# [0.220140, 0.720140]
# [0.226827, 0.726827]
# [0.220208, 0.720208]
# [0.224130, 0.724130]
# [0.242737, 0.742737]
# [0.168087, 0.668087]
# [-0.054618, 0.445382]
# [-0.219127, 0.280873]
# Best taps:
-0.0015282430686056614
0.0020371158607304096
-0.0004743788449559361
-0.00023013600730337203
0.001001380500383675
0.005385178606957197
0.008637608028948307
0.020152859389781952
0.025848424062132835
0.024808425456285477
0.08499933779239655
-0.03556147590279579
0.1504000872373581
0.429047554731369
0.1504000872373581
-0.03556147590279579
0.08499933779239655
0.024808425456285477
0.025848424062132835
0.020152859389781952
0.008637608028948307
0.005385178606957197
0.001001380500383675
-0.00023013600730337203
-0.0004743788449559361
0.0020371158607304096
-0.0015282430686056614

# ================================================================
# Instance: /Users/samknows/stream1090/bench/rtl32/captures/t4_3200k_narrow_30s.cu8
# Time: 2026-09-04 12:19:51
# FS: 3.2 MHz → FS_UP: 16.0 MHz
# Number of taps: 27
# Best score: 12779
# Best message count: 9664
# Best DF17 count: 1502
# Best params: [0.7646339864271747, 0.41771540498578175, 0.25007888425010505, 0.3765753099234982, 0.550844206853484, 0.3627371924118226, 0.5281485756630923, 0.2771320289753867, 0.6062319792028581, 0.25254327518696557, 0.263049516609836, 0.03954726106101658, -0.20974103672405048]
# Current bounds:
# [0.574963, 1.074963]
# [0.323378, 0.823378]
# [0.217121, 0.717121]
# [0.194567, 0.694567]
# [0.201943, 0.701943]
# [0.220140, 0.720140]
# [0.226827, 0.726827]
# [0.220208, 0.720208]
# [0.224130, 0.724130]
# [0.242737, 0.742737]
# [0.168087, 0.668087]
# [-0.054618, 0.445382]
# [-0.219127, 0.280873]
# Best taps:
0.00011231694952584803
0.0029241670854389668
-0.002550319069996476
0.000811068166512996
-0.0013494890881702304
0.0009418530971743166
0.005280461627990007
0.027532771229743958
0.037297606468200684
0.025261597707867622
0.08785571902990341
-0.04362580552697182
0.151664599776268
0.41568681597709656
0.151664599776268
-0.04362580552697182
0.08785571902990341
0.025261597707867622
0.037297606468200684
0.027532771229743958
0.005280461627990007
0.0009418530971743166
-0.0013494890881702304
0.000811068166512996
-0.002550319069996476
0.0029241670854389668
0.00011231694952584803

# ==================== END OF RUN ====================
# Time: 2026-09-04 12:21:11
# Instance: /Users/samknows/stream1090/bench/rtl32/captures/t4_3200k_narrow_30s.cu8
# FS: 3.2 MHz → FS_UP: 16.0 MHz
# Number of taps: 27
# Best params: [0.7646339864271747, 0.41771540498578175, 0.25007888425010505, 0.3765753099234982, 0.550844206853484, 0.3627371924118226, 0.5281485756630923, 0.2771320289753867, 0.6062319792028581, 0.25254327518696557, 0.263049516609836, 0.03954726106101658, -0.20974103672405048]
# Best score: 12779
# Best message count: 9664
# Best DF17 count: 1502
# Current bounds:
# [0.574963, 1.074963]
# [0.323378, 0.823378]
# [0.217121, 0.717121]
# [0.194567, 0.694567]
# [0.201943, 0.701943]
# [0.220140, 0.720140]
# [0.226827, 0.726827]
# [0.220208, 0.720208]
# [0.224130, 0.724130]
# [0.242737, 0.742737]
# [0.168087, 0.668087]
# [-0.054618, 0.445382]
# [-0.219127, 0.280873]
# Best taps:
0.00011231694952584803
0.0029241670854389668
-0.002550319069996476
0.000811068166512996
-0.0013494890881702304
0.0009418530971743166
0.005280461627990007
0.027532771229743958
0.037297606468200684
0.025261597707867622
0.08785571902990341
-0.04362580552697182
0.151664599776268
0.41568681597709656
0.151664599776268
-0.04362580552697182
0.08785571902990341
0.025261597707867622
0.037297606468200684
0.027532771229743958
0.005280461627990007
0.0009418530971743166
-0.0013494890881702304
0.000811068166512996
-0.002550319069996476
0.0029241670854389668
0.00011231694952584803

# ================================================================
# Instance: /Users/samknows/stream1090/bench/rtl32/captures/t4_3200k_narrow_30s.cu8
# Time: 2026-09-04 12:23:53
# FS: 3.2 MHz → FS_UP: 16.0 MHz
# Number of taps: 27
# Best score: 12796
# Best message count: 9676
# Best DF17 count: 1505
# Best params: [0.9840701555406819, 0.42802948293118076, 0.19978602322022573, 0.3591558316621359, 0.6046912948700681, 0.3224305378420224, 0.6235778614921949, 0.17946460323047608, 0.7601868912004809, 0.20344782051625704, 0.250216199015623, 0.013763019567726069, -0.301789680714512]
# Current bounds:
# [0.264634, 1.264634]
# [0.392715, 0.442715]
# [-0.169271, 0.669429]
# [0.153626, 0.599525]
# [0.348574, 0.753114]
# [0.180500, 0.544974]
# [0.302487, 0.753811]
# [-0.035088, 0.589352]
# [0.435451, 0.777013]
# [0.024202, 0.480885]
# [0.209383, 0.316716]
# [-0.006088, 0.085182]
# [-0.520681, 0.101199]
# Best taps:
-0.00036373877082951367
0.0035284189507365227
-0.004658836405724287
-0.0012937815627083182
-0.0023722227197140455
-0.0023491675965487957
0.002744576893746853
0.030147626996040344
0.03835175186395645
0.0318743996322155
0.09669476002454758
-0.03892838954925537
0.15619578957557678
0.3808576166629791
0.15619578957557678
-0.03892838954925537
0.09669476002454758
0.0318743996322155
0.03835175186395645
0.030147626996040344
0.002744576893746853
-0.0023491675965487957
-0.0023722227197140455
-0.0012937815627083182
-0.004658836405724287
0.0035284189507365227
-0.00036373877082951367

# ==================== END OF RUN ====================
# Time: 2026-09-04 12:23:53
# Instance: /Users/samknows/stream1090/bench/rtl32/captures/t4_3200k_narrow_30s.cu8
# FS: 3.2 MHz → FS_UP: 16.0 MHz
# Number of taps: 27
# Best params: [0.9840701555406819, 0.42802948293118076, 0.19978602322022573, 0.3591558316621359, 0.6046912948700681, 0.3224305378420224, 0.6235778614921949, 0.17946460323047608, 0.7601868912004809, 0.20344782051625704, 0.250216199015623, 0.013763019567726069, -0.301789680714512]
# Best score: 12796
# Best message count: 9676
# Best DF17 count: 1505
# Current bounds:
# [0.264634, 1.264634]
# [0.392715, 0.442715]
# [-0.169271, 0.669429]
# [0.153626, 0.599525]
# [0.348574, 0.753114]
# [0.180500, 0.544974]
# [0.302487, 0.753811]
# [-0.035088, 0.589352]
# [0.435451, 0.777013]
# [0.024202, 0.480885]
# [0.209383, 0.316716]
# [-0.006088, 0.085182]
# [-0.520681, 0.101199]
# Best taps:
-0.00036373877082951367
0.0035284189507365227
-0.004658836405724287
-0.0012937815627083182
-0.0023722227197140455
-0.0023491675965487957
0.002744576893746853
0.030147626996040344
0.03835175186395645
0.0318743996322155
0.09669476002454758
-0.03892838954925537
0.15619578957557678
0.3808576166629791
0.15619578957557678
-0.03892838954925537
0.09669476002454758
0.0318743996322155
0.03835175186395645
0.030147626996040344
0.002744576893746853
-0.0023491675965487957
-0.0023722227197140455
-0.0012937815627083182
-0.004658836405724287
0.0035284189507365227
-0.00036373877082951367

# ================================================================
# Instance: /Users/samknows/stream1090/bench/rtl32/captures/t4_3200k_narrow_30s.cu8
# Time: 2026-09-04 12:25:19
# FS: 3.2 MHz → FS_UP: 16.0 MHz
# Number of taps: 27
# Best score: 12806
# Best message count: 9677
# Best DF17 count: 1518
# Best params: [1.1338017764211687, 0.4298796099399598, 0.3472223483920587, 0.26797484410376976, 0.6177425238845728, 0.3384223868885224, 0.5091402419124208, 0.40184130494624515, 0.6520243725172176, 0.18989434366086339, 0.19896250191357334, -0.01655993416024386, 0.10407265737502303]
# Current bounds:
# [0.484070, 1.484070]
# [0.403029, 0.453029]
# [-0.017558, 0.417130]
# [0.215067, 0.503245]
# [0.558901, 0.650482]
# [0.187406, 0.457455]
# [0.427038, 0.820117]
# [-0.046157, 0.405087]
# [0.587773, 0.932601]
# [0.174246, 0.232649]
# [0.177930, 0.322502]
# [-0.068744, 0.096270]
# [-0.723195, 0.119615]
# Best taps:
-0.00040304017602466047
0.00020095703075639904
-0.001071607111953199
-0.0004758345312438905
-0.0017574995290488005
-0.0063178944401443005
0.005220170132815838
0.027892187237739563
0.018449995666742325
0.0500495508313179
0.07887082546949387
-0.004981170874089003
0.13852475583553314
0.39159712195396423
0.13852475583553314
-0.004981170874089003
0.07887082546949387
0.0500495508313179
0.018449995666742325
0.027892187237739563
0.005220170132815838
-0.0063178944401443005
-0.0017574995290488005
-0.0004758345312438905
-0.001071607111953199
0.00020095703075639904
-0.00040304017602466047

# ==================== END OF RUN ====================
# Time: 2026-09-04 12:25:19
# Instance: /Users/samknows/stream1090/bench/rtl32/captures/t4_3200k_narrow_30s.cu8
# FS: 3.2 MHz → FS_UP: 16.0 MHz
# Number of taps: 27
# Best params: [1.1338017764211687, 0.4298796099399598, 0.3472223483920587, 0.26797484410376976, 0.6177425238845728, 0.3384223868885224, 0.5091402419124208, 0.40184130494624515, 0.6520243725172176, 0.18989434366086339, 0.19896250191357334, -0.01655993416024386, 0.10407265737502303]
# Best score: 12806
# Best message count: 9677
# Best DF17 count: 1518
# Current bounds:
# [0.484070, 1.484070]
# [0.403029, 0.453029]
# [-0.017558, 0.417130]
# [0.215067, 0.503245]
# [0.558901, 0.650482]
# [0.187406, 0.457455]
# [0.427038, 0.820117]
# [-0.046157, 0.405087]
# [0.587773, 0.932601]
# [0.174246, 0.232649]
# [0.177930, 0.322502]
# [-0.068744, 0.096270]
# [-0.723195, 0.119615]
# Best taps:
-0.00040304017602466047
0.00020095703075639904
-0.001071607111953199
-0.0004758345312438905
-0.0017574995290488005
-0.0063178944401443005
0.005220170132815838
0.027892187237739563
0.018449995666742325
0.0500495508313179
0.07887082546949387
-0.004981170874089003
0.13852475583553314
0.39159712195396423
0.13852475583553314
-0.004981170874089003
0.07887082546949387
0.0500495508313179
0.018449995666742325
0.027892187237739563
0.005220170132815838
-0.0063178944401443005
-0.0017574995290488005
-0.0004758345312438905
-0.001071607111953199
0.00020095703075639904
-0.00040304017602466047

# ==================== END OF RUN ====================
# Time: 2026-09-04 12:28:03
# Instance: /Users/samknows/stream1090/bench/rtl32/captures/t4_3200k_narrow_30s.cu8
# FS: 3.2 MHz → FS_UP: 16.0 MHz
# Number of taps: 27
# Best params: [1.1338017764211687, 0.4298796099399598, 0.3472223483920587, 0.26797484410376976, 0.6177425238845728, 0.3384223868885224, 0.5091402419124208, 0.40184130494624515, 0.6520243725172176, 0.18989434366086339, 0.19896250191357334, -0.01655993416024386, 0.10407265737502303]
# Best score: 12806
# Best message count: 9677
# Best DF17 count: 1518
# Current bounds:
# [0.834339, 1.433265]
# [0.404880, 0.454880]
# [0.052350, 0.642095]
# [0.085613, 0.450337]
# [0.591640, 0.643845]
# [0.306439, 0.370406]
# [0.280265, 0.738015]
# [-0.042912, 0.846595]
# [0.435699, 0.868349]
# [0.162787, 0.217001]
# [0.096455, 0.301470]
# [-0.077206, 0.044086]
# [-0.395927, 0.604073]
# Best taps:
-0.00040304017602466047
0.00020095703075639904
-0.001071607111953199
-0.0004758345312438905
-0.0017574995290488005
-0.0063178944401443005
0.005220170132815838
0.027892187237739563
0.018449995666742325
0.0500495508313179
0.07887082546949387
-0.004981170874089003
0.13852475583553314
0.39159712195396423
0.13852475583553314
-0.004981170874089003
0.07887082546949387
0.0500495508313179
0.018449995666742325
0.027892187237739563
0.005220170132815838
-0.0063178944401443005
-0.0017574995290488005
-0.0004758345312438905
-0.001071607111953199
0.00020095703075639904
-0.00040304017602466047

# ================================================================
# Instance: /Users/samknows/stream1090/bench/rtl32/captures/t4_3200k_narrow_30s.cu8
# Time: 2026-09-04 12:29:26
# FS: 3.2 MHz → FS_UP: 16.0 MHz
# Number of taps: 27
# Best score: 12815
# Best message count: 9684
# Best DF17 count: 1522
# Best params: [1.0404598187264755, 0.40051730900179927, 0.3719605741356304, 0.280986781121854, 0.5914302888782543, 0.3252176819017198, 0.6885934088852325, 0.18636695320078858, 0.8143453724312576, 0.20748245789092234, 0.1834580662278966, -0.032554112184100176, -0.07583211694738545]
# Current bounds:
# [0.903874, 1.363730]
# [0.397490, 0.462269]
# [0.301933, 0.392512]
# [0.135469, 0.400481]
# [0.575614, 0.659871]
# [0.313422, 0.363422]
# [0.243231, 0.775050]
# [0.095173, 0.708509]
# [0.433584, 0.870465]
# [0.164894, 0.214894]
# [0.173963, 0.223963]
# [-0.092127, 0.059007]
# [-0.395927, 0.604073]
# Best taps:
-0.0004399330064188689
0.0026469288859516382
-0.0031018033623695374
-0.0017405004473403096
0.0028764375019818544
-0.0013763557653874159
-2.064347791019827e-05
0.02841106243431568
0.02116083912551403
0.04306846112012863
0.08890784531831741
-0.028257373720407486
0.1495056450366974
0.3967188596725464
0.1495056450366974
-0.028257373720407486
0.08890784531831741
0.04306846112012863
0.02116083912551403
0.02841106243431568
-2.064347791019827e-05
-0.0013763557653874159
0.0028764375019818544
-0.0017405004473403096
-0.0031018033623695374
0.0026469288859516382
-0.0004399330064188689

# ==================== END OF RUN ====================
# Time: 2026-09-04 12:29:26
# Instance: /Users/samknows/stream1090/bench/rtl32/captures/t4_3200k_narrow_30s.cu8
# FS: 3.2 MHz → FS_UP: 16.0 MHz
# Number of taps: 27
# Best params: [1.0404598187264755, 0.40051730900179927, 0.3719605741356304, 0.280986781121854, 0.5914302888782543, 0.3252176819017198, 0.6885934088852325, 0.18636695320078858, 0.8143453724312576, 0.20748245789092234, 0.1834580662278966, -0.032554112184100176, -0.07583211694738545]
# Best score: 12815
# Best message count: 9684
# Best DF17 count: 1522
# Current bounds:
# [0.903874, 1.363730]
# [0.397490, 0.462269]
# [0.301933, 0.392512]
# [0.135469, 0.400481]
# [0.575614, 0.659871]
# [0.313422, 0.363422]
# [0.243231, 0.775050]
# [0.095173, 0.708509]
# [0.433584, 0.870465]
# [0.164894, 0.214894]
# [0.173963, 0.223963]
# [-0.092127, 0.059007]
# [-0.395927, 0.604073]
# Best taps:
-0.0004399330064188689
0.0026469288859516382
-0.0031018033623695374
-0.0017405004473403096
0.0028764375019818544
-0.0013763557653874159
-2.064347791019827e-05
0.02841106243431568
0.02116083912551403
0.04306846112012863
0.08890784531831741
-0.028257373720407486
0.1495056450366974
0.3967188596725464
0.1495056450366974
-0.028257373720407486
0.08890784531831741
0.04306846112012863
0.02116083912551403
0.02841106243431568
-2.064347791019827e-05
-0.0013763557653874159
0.0028764375019818544
-0.0017405004473403096
-0.0031018033623695374
0.0026469288859516382
-0.0004399330064188689

# ================================================================
# Instance: /Users/samknows/stream1090/bench/rtl32/captures/t4_3200k_narrow_30s.cu8
# Time: 2026-09-04 12:30:50
# FS: 3.2 MHz → FS_UP: 16.0 MHz
# Number of taps: 27
# Best score: 12863
# Best message count: 9724
# Best DF17 count: 1519
# Best params: [1.0610983758312877, 0.3939963925974984, 0.3670552043846429, 0.3112992366381831, 0.5698286557382433, 0.3470662264887859, 0.606834576977813, 0.2195474559520722, 0.7919396446642172, 0.1762101072714005, 0.19789185165987494, -0.026737251959413927, 0.059684786850325355]
# Current bounds:
# [1.015460, 1.065460]
# [0.309912, 0.491122]
# [0.346961, 0.396961]
# [0.230403, 0.331570]
# [0.566430, 0.616430]
# [0.300218, 0.350218]
# [0.545894, 0.831293]
# [0.017031, 0.355703]
# [0.737005, 0.891686]
# [0.155536, 0.259429]
# [0.158458, 0.208458]
# [-0.057554, -0.007554]
# [-0.275884, 0.124220]
# Best taps:
-3.0490524295601062e-05
0.0015495957341045141
-0.002895495854318142
-0.0015439068665727973
0.003071985673159361
-0.0032352027483284473
0.0024675526656210423
0.03032437525689602
0.0189934354275465
0.04502376914024353
0.08002776652574539
-0.014431829564273357
0.14106573164463043
0.39922550320625305
0.14106573164463043
-0.014431829564273357
0.08002776652574539
0.04502376914024353
0.0189934354275465
0.03032437525689602
0.0024675526656210423
-0.0032352027483284473
0.003071985673159361
-0.0015439068665727973
-0.002895495854318142
0.0015495957341045141
-3.0490524295601062e-05

# ==================== END OF RUN ====================
# Time: 2026-09-04 12:30:50
# Instance: /Users/samknows/stream1090/bench/rtl32/captures/t4_3200k_narrow_30s.cu8
# FS: 3.2 MHz → FS_UP: 16.0 MHz
# Number of taps: 27
# Best params: [1.0610983758312877, 0.3939963925974984, 0.3670552043846429, 0.3112992366381831, 0.5698286557382433, 0.3470662264887859, 0.606834576977813, 0.2195474559520722, 0.7919396446642172, 0.1762101072714005, 0.19789185165987494, -0.026737251959413927, 0.059684786850325355]
# Best score: 12863
# Best message count: 9724
# Best DF17 count: 1519
# Current bounds:
# [1.015460, 1.065460]
# [0.309912, 0.491122]
# [0.346961, 0.396961]
# [0.230403, 0.331570]
# [0.566430, 0.616430]
# [0.300218, 0.350218]
# [0.545894, 0.831293]
# [0.017031, 0.355703]
# [0.737005, 0.891686]
# [0.155536, 0.259429]
# [0.158458, 0.208458]
# [-0.057554, -0.007554]
# [-0.275884, 0.124220]
# Best taps:
-3.0490524295601062e-05
0.0015495957341045141
-0.002895495854318142
-0.0015439068665727973
0.003071985673159361
-0.0032352027483284473
0.0024675526656210423
0.03032437525689602
0.0189934354275465
0.04502376914024353
0.08002776652574539
-0.014431829564273357
0.14106573164463043
0.39922550320625305
0.14106573164463043
-0.014431829564273357
0.08002776652574539
0.04502376914024353
0.0189934354275465
0.03032437525689602
0.0024675526656210423
-0.0032352027483284473
0.003071985673159361
-0.0015439068665727973
-0.002895495854318142
0.0015495957341045141
-3.0490524295601062e-05

# ================================================================
# Instance: /Users/samknows/stream1090/bench/rtl32/captures/t4_3200k_narrow_30s.cu8
# Time: 2026-09-04 12:32:13
# FS: 3.2 MHz → FS_UP: 16.0 MHz
# Number of taps: 27
# Best score: 12875
# Best message count: 9736
# Best DF17 count: 1519
# Best params: [1.035152084335365, 0.39496610614509314, 0.38550964976610935, 0.3506406904977525, 0.563086574285813, 0.3568101690252723, 0.6371138964257349, 0.2403452163784655, 0.8002318603269556, 0.17642366710304244, 0.23100088722849918, -0.047312001254397607, -0.040492057793736796]
# Current bounds:
# [1.014474, 1.107723]
# [0.305739, 0.482254]
# [0.342055, 0.392055]
# [0.235269, 0.387330]
# [0.544829, 0.594829]
# [0.322066, 0.372066]
# [0.505509, 0.708160]
# [0.189536, 0.249559]
# [0.765138, 0.818741]
# [0.150547, 0.201873]
# [0.151309, 0.244475]
# [-0.051737, -0.001737]
# [-0.059564, 0.178934]
# Best taps:
-6.780058902222663e-05
0.0018779909005388618
-0.0035157494712620974
-0.0007906942628324032
0.0021326695568859577
-0.0006353865610435605
0.003283761441707611
0.028809819370508194
0.01931324042379856
0.03989841789007187
0.08433317393064499
-0.026777753606438637
0.1495743691921234
0.4051278829574585
0.1495743691921234
-0.026777753606438637
0.08433317393064499
0.03989841789007187
0.01931324042379856
0.028809819370508194
0.003283761441707611
-0.0006353865610435605
0.0021326695568859577
-0.0007906942628324032
-0.0035157494712620974
0.0018779909005388618
-6.780058902222663e-05

# ==================== END OF RUN ====================
# Time: 2026-09-04 12:32:13
# Instance: /Users/samknows/stream1090/bench/rtl32/captures/t4_3200k_narrow_30s.cu8
# FS: 3.2 MHz → FS_UP: 16.0 MHz
# Number of taps: 27
# Best params: [1.035152084335365, 0.39496610614509314, 0.38550964976610935, 0.3506406904977525, 0.563086574285813, 0.3568101690252723, 0.6371138964257349, 0.2403452163784655, 0.8002318603269556, 0.17642366710304244, 0.23100088722849918, -0.047312001254397607, -0.040492057793736796]
# Best score: 12875
# Best message count: 9736
# Best DF17 count: 1519
# Current bounds:
# [1.014474, 1.107723]
# [0.305739, 0.482254]
# [0.342055, 0.392055]
# [0.235269, 0.387330]
# [0.544829, 0.594829]
# [0.322066, 0.372066]
# [0.505509, 0.708160]
# [0.189536, 0.249559]
# [0.765138, 0.818741]
# [0.150547, 0.201873]
# [0.151309, 0.244475]
# [-0.051737, -0.001737]
# [-0.059564, 0.178934]
# Best taps:
-6.780058902222663e-05
0.0018779909005388618
-0.0035157494712620974
-0.0007906942628324032
0.0021326695568859577
-0.0006353865610435605
0.003283761441707611
0.028809819370508194
0.01931324042379856
0.03989841789007187
0.08433317393064499
-0.026777753606438637
0.1495743691921234
0.4051278829574585
0.1495743691921234
-0.026777753606438637
0.08433317393064499
0.03989841789007187
0.01931324042379856
0.028809819370508194
0.003283761441707611
-0.0006353865610435605
0.0021326695568859577
-0.0007906942628324032
-0.0035157494712620974
0.0018779909005388618
-6.780058902222663e-05

# ==================== END OF RUN ====================
# Time: 2026-09-04 12:33:35
# Instance: /Users/samknows/stream1090/bench/rtl32/captures/t4_3200k_narrow_30s.cu8
# FS: 3.2 MHz → FS_UP: 16.0 MHz
# Number of taps: 27
# Best params: [1.035152084335365, 0.39496610614509314, 0.38550964976610935, 0.3506406904977525, 0.563086574285813, 0.3568101690252723, 0.6371138964257349, 0.2403452163784655, 0.8002318603269556, 0.17642366710304244, 0.23100088722849918, -0.047312001254397607, -0.040492057793736796]
# Best score: 12875
# Best message count: 9736
# Best DF17 count: 1519
# Current bounds:
# [1.010152, 1.060152]
# [0.369966, 0.419966]
# [0.360510, 0.410510]
# [0.199504, 0.501777]
# [0.538087, 0.588087]
# [0.328135, 0.385485]
# [0.527445, 0.746783]
# [0.156264, 0.324426]
# [0.775232, 0.825232]
# [0.151424, 0.201424]
# [0.136391, 0.325611]
# [-0.109593, 0.014969]
# [-0.065492, -0.015492]
# Best taps:
-6.780058902222663e-05
0.0018779909005388618
-0.0035157494712620974
-0.0007906942628324032
0.0021326695568859577
-0.0006353865610435605
0.003283761441707611
0.028809819370508194
0.01931324042379856
0.03989841789007187
0.08433317393064499
-0.026777753606438637
0.1495743691921234
0.4051278829574585
0.1495743691921234
-0.026777753606438637
0.08433317393064499
0.03989841789007187
0.01931324042379856
0.028809819370508194
0.003283761441707611
-0.0006353865610435605
0.0021326695568859577
-0.0007906942628324032
-0.0035157494712620974
0.0018779909005388618
-6.780058902222663e-05

# ==================== END OF RUN ====================
# Time: 2026-09-04 12:34:57
# Instance: /Users/samknows/stream1090/bench/rtl32/captures/t4_3200k_narrow_30s.cu8
# FS: 3.2 MHz → FS_UP: 16.0 MHz
# Number of taps: 27
# Best params: [1.035152084335365, 0.39496610614509314, 0.38550964976610935, 0.3506406904977525, 0.563086574285813, 0.3568101690252723, 0.6371138964257349, 0.2403452163784655, 0.8002318603269556, 0.17642366710304244, 0.23100088722849918, -0.047312001254397607, -0.040492057793736796]
# Best score: 12875
# Best message count: 9736
# Best DF17 count: 1519
# Current bounds:
# [1.010152, 1.060152]
# [0.348956, 0.440976]
# [0.360510, 0.410510]
# [0.275053, 0.426228]
# [0.538087, 0.588087]
# [0.331810, 0.381810]
# [0.546147, 0.728081]
# [0.155886, 0.324805]
# [0.767421, 0.833043]
# [0.151424, 0.201424]
# [0.205737, 0.256265]
# [-0.155744, 0.061119]
# [-0.073165, -0.007819]
# Best taps:
-6.780058902222663e-05
0.0018779909005388618
-0.0035157494712620974
-0.0007906942628324032
0.0021326695568859577
-0.0006353865610435605
0.003283761441707611
0.028809819370508194
0.01931324042379856
0.03989841789007187
0.08433317393064499
-0.026777753606438637
0.1495743691921234
0.4051278829574585
0.1495743691921234
-0.026777753606438637
0.08433317393064499
0.03989841789007187
0.01931324042379856
0.028809819370508194
0.003283761441707611
-0.0006353865610435605
0.0021326695568859577
-0.0007906942628324032
-0.0035157494712620974
0.0018779909005388618
-6.780058902222663e-05

# ==================== END OF RUN ====================
# Time: 2026-09-04 12:36:19
# Instance: /Users/samknows/stream1090/bench/rtl32/captures/t4_3200k_narrow_30s.cu8
# FS: 3.2 MHz → FS_UP: 16.0 MHz
# Number of taps: 27
# Best params: [1.035152084335365, 0.39496610614509314, 0.38550964976610935, 0.3506406904977525, 0.563086574285813, 0.3568101690252723, 0.6371138964257349, 0.2403452163784655, 0.8002318603269556, 0.17642366710304244, 0.23100088722849918, -0.047312001254397607, -0.040492057793736796]
# Best score: 12875
# Best message count: 9736
# Best DF17 count: 1519
# Current bounds:
# [1.010152, 1.060152]
# [0.342600, 0.447333]
# [0.360510, 0.410510]
# [0.275590, 0.425691]
# [0.538087, 0.588087]
# [0.322725, 0.390895]
# [0.483181, 0.791047]
# [0.215345, 0.265345]
# [0.764660, 0.835804]
# [0.151424, 0.201424]
# [0.206001, 0.256001]
# [-0.109308, 0.014684]
# [-0.093774, 0.012789]
# Best taps:
-6.780058902222663e-05
0.0018779909005388618
-0.0035157494712620974
-0.0007906942628324032
0.0021326695568859577
-0.0006353865610435605
0.003283761441707611
0.028809819370508194
0.01931324042379856
0.03989841789007187
0.08433317393064499
-0.026777753606438637
0.1495743691921234
0.4051278829574585
0.1495743691921234
-0.026777753606438637
0.08433317393064499
0.03989841789007187
0.01931324042379856
0.028809819370508194
0.003283761441707611
-0.0006353865610435605
0.0021326695568859577
-0.0007906942628324032
-0.0035157494712620974
0.0018779909005388618
-6.780058902222663e-05

