# ==================== BASELINE ====================
# Time: 2026-09-04 13:14:26
# Instance: /Users/samknows/stream1090/bench/rtl32/captures/t4_3200k_narrow_30s.cu8
# FS: 3.2 MHz → FS_UP: 24.0 MHz
# Number of taps: 27
# Built-in score: 12868
# Built-in message count: 9734
# Built-in DF17 count: 1519

# ================================================================
# Instance: /Users/samknows/stream1090/bench/rtl32/captures/t4_3200k_narrow_30s.cu8
# Time: 2026-09-04 13:16:13
# FS: 3.2 MHz → FS_UP: 24.0 MHz
# Number of taps: 27
# Best score: 12889
# Best message count: 9738
# Best DF17 count: 1528
# Best params: [0.9430120812484757, 0.5655574330242756, 0.2652142655200488, 0.3217821738937906, 0.30090195141760534, 0.40151954386413524, 0.3690329447874212, 0.3771006544252521, 0.5283072212818322, 0.3103281972489151, 0.18067409845318433, 0.322992835816229, 0.15484691500404668]
# Current bounds:
# [0.574963, 1.074963]
# [0.323378, 0.823378]
# [0.217121, 0.717121]
# [0.194567, 0.694567]
# [0.201943, 0.701943]
# [0.220140, 0.720140]
# [0.226827, 0.726827]
# [0.220208, 0.720208]
# [0.224130, 0.724130]
# [0.242737, 0.742737]
# [0.168087, 0.668087]
# [-0.054618, 0.445382]
# [-0.219127, 0.280873]
# Best taps:
2.7856838642037474e-05
3.5128468880429864e-05
-0.0015062079764902592
-0.0023843529634177685
0.0042020357213914394
-0.009141042828559875
0.007306933868676424
0.010173856280744076
0.02159765362739563
0.038667723536491394
0.08518319576978683
0.028875846415758133
0.10889367759227753
0.41613537073135376
0.10889367759227753
0.028875846415758133
0.08518319576978683
0.038667723536491394
0.02159765362739563
0.010173856280744076
0.007306933868676424
-0.009141042828559875
0.0042020357213914394
-0.0023843529634177685
-0.0015062079764902592
3.5128468880429864e-05
2.7856838642037474e-05

# ================================================================
# Instance: /Users/samknows/stream1090/bench/rtl32/captures/t4_3200k_narrow_30s.cu8
# Time: 2026-09-04 13:17:10
# FS: 3.2 MHz → FS_UP: 24.0 MHz
# Number of taps: 27
# Best score: 12911
# Best message count: 9760
# Best DF17 count: 1522
# Best params: [1.0012310906264164, 0.36969433123956863, 0.5217388744763856, 0.37212282893741233, 0.3736258095005555, 0.3092123522167699, 0.5464385091460686, 0.33746337506157953, 0.5174679534208841, 0.4311507212292348, 0.28943498651002564, 0.11928555550276065, 0.04235404890514133]
# Current bounds:
# [0.574963, 1.074963]
# [0.323378, 0.823378]
# [0.217121, 0.717121]
# [0.194567, 0.694567]
# [0.201943, 0.701943]
# [0.220140, 0.720140]
# [0.226827, 0.726827]
# [0.220208, 0.720208]
# [0.224130, 0.724130]
# [0.242737, 0.742737]
# [0.168087, 0.668087]
# [-0.054618, 0.445382]
# [-0.219127, 0.280873]
# Best taps:
-0.000983934267424047
0.00014243808982428163
-0.00086449075024575
-0.001907853875309229
0.003669534809887409
0.009263815358281136
0.006228908430784941
0.014402148313820362
0.01900515891611576
0.019054289907217026
0.08913032710552216
0.003891891101375222
0.12651550769805908
0.4249044358730316
0.12651550769805908
0.003891891101375222
0.08913032710552216
0.019054289907217026
0.01900515891611576
0.014402148313820362
0.006228908430784941
0.009263815358281136
0.003669534809887409
-0.001907853875309229
-0.00086449075024575
0.00014243808982428163
-0.000983934267424047

# ================================================================
# Instance: /Users/samknows/stream1090/bench/rtl32/captures/t4_3200k_narrow_30s.cu8
# Time: 2026-09-04 13:18:07
# FS: 3.2 MHz → FS_UP: 24.0 MHz
# Number of taps: 27
# Best score: 12928
# Best message count: 9774
# Best DF17 count: 1522
# Best params: [0.9903393717371816, 0.3623665035818236, 0.38462379258457197, 0.481333465889393, 0.3914376357460081, 0.3759337179058256, 0.6243891196134197, 0.4186552502137886, 0.4753551219801462, 0.5147697868553082, 0.28332014623776053, 0.22174166256711364, 0.09101950253719099]
# Current bounds:
# [0.574963, 1.074963]
# [0.323378, 0.823378]
# [0.217121, 0.717121]
# [0.194567, 0.694567]
# [0.201943, 0.701943]
# [0.220140, 0.720140]
# [0.226827, 0.726827]
# [0.220208, 0.720208]
# [0.224130, 0.724130]
# [0.242737, 0.742737]
# [0.168087, 0.668087]
# [-0.054618, 0.445382]
# [-0.219127, 0.280873]
# Best taps:
-0.0008406317210756242
-5.670053724315949e-05
-0.0008183535537682474
-0.005142283625900745
0.002265662420541048
0.009374680928885937
0.01067081093788147
0.014701503328979015
0.028505608439445496
0.026554357260465622
0.0842774286866188
-0.008670725859701633
0.11118534952402115
0.4559865891933441
0.11118534952402115
-0.008670725859701633
0.0842774286866188
0.026554357260465622
0.028505608439445496
0.014701503328979015
0.01067081093788147
0.009374680928885937
0.002265662420541048
-0.005142283625900745
-0.0008183535537682474
-5.670053724315949e-05
-0.0008406317210756242

# ==================== END OF RUN ====================
# Time: 2026-09-04 13:18:07
# Instance: /Users/samknows/stream1090/bench/rtl32/captures/t4_3200k_narrow_30s.cu8
# FS: 3.2 MHz → FS_UP: 24.0 MHz
# Number of taps: 27
# Best params: [0.9903393717371816, 0.3623665035818236, 0.38462379258457197, 0.481333465889393, 0.3914376357460081, 0.3759337179058256, 0.6243891196134197, 0.4186552502137886, 0.4753551219801462, 0.5147697868553082, 0.28332014623776053, 0.22174166256711364, 0.09101950253719099]
# Best score: 12928
# Best message count: 9774
# Best DF17 count: 1522
# Current bounds:
# [0.574963, 1.074963]
# [0.323378, 0.823378]
# [0.217121, 0.717121]
# [0.194567, 0.694567]
# [0.201943, 0.701943]
# [0.220140, 0.720140]
# [0.226827, 0.726827]
# [0.220208, 0.720208]
# [0.224130, 0.724130]
# [0.242737, 0.742737]
# [0.168087, 0.668087]
# [-0.054618, 0.445382]
# [-0.219127, 0.280873]
# Best taps:
-0.0008406317210756242
-5.670053724315949e-05
-0.0008183535537682474
-0.005142283625900745
0.002265662420541048
0.009374680928885937
0.01067081093788147
0.014701503328979015
0.028505608439445496
0.026554357260465622
0.0842774286866188
-0.008670725859701633
0.11118534952402115
0.4559865891933441
0.11118534952402115
-0.008670725859701633
0.0842774286866188
0.026554357260465622
0.028505608439445496
0.014701503328979015
0.01067081093788147
0.009374680928885937
0.002265662420541048
-0.005142283625900745
-0.0008183535537682474
-5.670053724315949e-05
-0.0008406317210756242

# ================================================================
# Instance: /Users/samknows/stream1090/bench/rtl32/captures/t4_3200k_narrow_30s.cu8
# Time: 2026-09-04 13:19:56
# FS: 3.2 MHz → FS_UP: 24.0 MHz
# Number of taps: 27
# Best score: 13058
# Best message count: 9870
# Best DF17 count: 1547
# Best params: [1.0100137978534758, 0.3669017875830161, 0.30098252180735907, 0.46867512168382663, 0.39902394686351966, 0.4871054669105235, 0.49123119546849237, 0.43345993502287805, 0.5375394467886823, 0.44825326400689414, 0.28074191652930947, 0.07297921966397306, 0.039129810960363165]
# Current bounds:
# [0.965339, 1.015339]
# [0.337367, 0.387367]
# [0.110394, 0.658854]
# [0.262912, 0.699755]
# [0.355814, 0.427061]
# [0.242491, 0.509376]
# [0.468488, 0.780290]
# [0.256271, 0.581039]
# [0.391129, 0.559581]
# [0.347532, 0.682008]
# [0.258320, 0.308320]
# [0.016829, 0.426654]
# [-0.006311, 0.188350]
# Best taps:
-0.00026692060055211186
-0.0008947647293098271
-0.0020650476217269897
-0.002476485911756754
0.0009105375502258539
0.005127872806042433
0.004979891236871481
0.02585654705762863
0.030479945242404938
0.030929695814847946
0.08761347830295563
-0.017843108624219894
0.12254533916711807
0.4302060306072235
0.12254533916711807
-0.017843108624219894
0.08761347830295563
0.030929695814847946
0.030479945242404938
0.02585654705762863
0.004979891236871481
0.005127872806042433
0.0009105375502258539
-0.002476485911756754
-0.0020650476217269897
-0.0008947647293098271
-0.00026692060055211186

# ==================== END OF RUN ====================
# Time: 2026-09-04 13:19:56
# Instance: /Users/samknows/stream1090/bench/rtl32/captures/t4_3200k_narrow_30s.cu8
# FS: 3.2 MHz → FS_UP: 24.0 MHz
# Number of taps: 27
# Best params: [1.0100137978534758, 0.3669017875830161, 0.30098252180735907, 0.46867512168382663, 0.39902394686351966, 0.4871054669105235, 0.49123119546849237, 0.43345993502287805, 0.5375394467886823, 0.44825326400689414, 0.28074191652930947, 0.07297921966397306, 0.039129810960363165]
# Best score: 13058
# Best message count: 9870
# Best DF17 count: 1547
# Current bounds:
# [0.965339, 1.015339]
# [0.337367, 0.387367]
# [0.110394, 0.658854]
# [0.262912, 0.699755]
# [0.355814, 0.427061]
# [0.242491, 0.509376]
# [0.468488, 0.780290]
# [0.256271, 0.581039]
# [0.391129, 0.559581]
# [0.347532, 0.682008]
# [0.258320, 0.308320]
# [0.016829, 0.426654]
# [-0.006311, 0.188350]
# Best taps:
-0.00026692060055211186
-0.0008947647293098271
-0.0020650476217269897
-0.002476485911756754
0.0009105375502258539
0.005127872806042433
0.004979891236871481
0.02585654705762863
0.030479945242404938
0.030929695814847946
0.08761347830295563
-0.017843108624219894
0.12254533916711807
0.4302060306072235
0.12254533916711807
-0.017843108624219894
0.08761347830295563
0.030929695814847946
0.030479945242404938
0.02585654705762863
0.004979891236871481
0.005127872806042433
0.0009105375502258539
-0.002476485911756754
-0.0020650476217269897
-0.0008947647293098271
-0.00026692060055211186

# ================================================================
# Instance: /Users/samknows/stream1090/bench/rtl32/captures/t4_3200k_narrow_30s.cu8
# Time: 2026-09-04 13:21:46
# FS: 3.2 MHz → FS_UP: 24.0 MHz
# Number of taps: 27
# Best score: 13078
# Best message count: 9885
# Best DF17 count: 1551
# Best params: [1.0631476478774413, 0.37150413292712064, 0.34663018771674586, 0.4660205582420823, 0.3928210997094335, 0.4509941281700205, 0.4805113906576978, 0.42679557340032237, 0.5255402391678421, 0.39501820713950486, 0.25664634290733557, 0.07538244389355032, 0.017026723480467614]
# Current bounds:
# [0.946120, 1.073908]
# [0.334115, 0.399689]
# [0.087955, 0.514010]
# [0.443675, 0.493675]
# [0.374024, 0.424024]
# [0.322735, 0.651476]
# [0.401715, 0.580748]
# [0.369050, 0.497870]
# [0.512539, 0.562539]
# [0.330886, 0.565620]
# [0.255742, 0.305742]
# [0.033086, 0.112872]
# [0.014130, 0.064130]
# Best taps:
-0.0005380744696594775
-0.0008708667010068893
-0.0022943865042179823
-0.002153149340301752
0.0007517738849855959
0.0045966580510139465
0.006977821700274944
0.023514924570918083
0.026426786556839943
0.03096562996506691
0.08502885699272156
-0.01005955133587122
0.13049547374248505
0.4143162667751312
0.13049547374248505
-0.01005955133587122
0.08502885699272156
0.03096562996506691
0.026426786556839943
0.023514924570918083
0.006977821700274944
0.0045966580510139465
0.0007517738849855959
-0.002153149340301752
-0.0022943865042179823
-0.0008708667010068893
-0.0005380744696594775

# ==================== END OF RUN ====================
# Time: 2026-09-04 13:21:46
# Instance: /Users/samknows/stream1090/bench/rtl32/captures/t4_3200k_narrow_30s.cu8
# FS: 3.2 MHz → FS_UP: 24.0 MHz
# Number of taps: 27
# Best params: [1.0631476478774413, 0.37150413292712064, 0.34663018771674586, 0.4660205582420823, 0.3928210997094335, 0.4509941281700205, 0.4805113906576978, 0.42679557340032237, 0.5255402391678421, 0.39501820713950486, 0.25664634290733557, 0.07538244389355032, 0.017026723480467614]
# Best score: 13078
# Best message count: 9885
# Best DF17 count: 1551
# Current bounds:
# [0.946120, 1.073908]
# [0.334115, 0.399689]
# [0.087955, 0.514010]
# [0.443675, 0.493675]
# [0.374024, 0.424024]
# [0.322735, 0.651476]
# [0.401715, 0.580748]
# [0.369050, 0.497870]
# [0.512539, 0.562539]
# [0.330886, 0.565620]
# [0.255742, 0.305742]
# [0.033086, 0.112872]
# [0.014130, 0.064130]
# Best taps:
-0.0005380744696594775
-0.0008708667010068893
-0.0022943865042179823
-0.002153149340301752
0.0007517738849855959
0.0045966580510139465
0.006977821700274944
0.023514924570918083
0.026426786556839943
0.03096562996506691
0.08502885699272156
-0.01005955133587122
0.13049547374248505
0.4143162667751312
0.13049547374248505
-0.01005955133587122
0.08502885699272156
0.03096562996506691
0.026426786556839943
0.023514924570918083
0.006977821700274944
0.0045966580510139465
0.0007517738849855959
-0.002153149340301752
-0.0022943865042179823
-0.0008708667010068893
-0.0005380744696594775

# ================================================================
# Instance: /Users/samknows/stream1090/bench/rtl32/captures/t4_3200k_narrow_30s.cu8
# Time: 2026-09-04 13:23:34
# FS: 3.2 MHz → FS_UP: 24.0 MHz
# Number of taps: 27
# Best score: 13085
# Best message count: 9891
# Best DF17 count: 1547
# Best params: [1.07995061705507, 0.36857979550031655, 0.34762041578755204, 0.4672067882867304, 0.40450898496610027, 0.4479228382449019, 0.47008269338928316, 0.4432315346291973, 0.5319871749829301, 0.38122238901563527, 0.24625978025597167, 0.07808665632154686, 0.018182592552026595]
# Current bounds:
# [0.963839, 1.162456]
# [0.335798, 0.407210]
# [0.255220, 0.438041]
# [0.441021, 0.491021]
# [0.367821, 0.417821]
# [0.374812, 0.527177]
# [0.455511, 0.505511]
# [0.401796, 0.451796]
# [0.500540, 0.550540]
# [0.272746, 0.517290]
# [0.226836, 0.286456]
# [0.029805, 0.120959]
# [-0.069545, 0.103599]
# Best taps:
-0.0006037557614035904
-0.0009461379959248006
-0.0023054764606058598
-0.002002160996198654
0.0005046624573878944
0.003581178840249777
0.008027126081287861
0.024274898692965508
0.025406762957572937
0.032014526426792145
0.08432193100452423
-0.009695214219391346
0.13132420182228088
0.4121949076652527
0.13132420182228088
-0.009695214219391346
0.08432193100452423
0.032014526426792145
0.025406762957572937
0.024274898692965508
0.008027126081287861
0.003581178840249777
0.0005046624573878944
-0.002002160996198654
-0.0023054764606058598
-0.0009461379959248006
-0.0006037557614035904

# ==================== END OF RUN ====================
# Time: 2026-09-04 13:23:34
# Instance: /Users/samknows/stream1090/bench/rtl32/captures/t4_3200k_narrow_30s.cu8
# FS: 3.2 MHz → FS_UP: 24.0 MHz
# Number of taps: 27
# Best params: [1.07995061705507, 0.36857979550031655, 0.34762041578755204, 0.4672067882867304, 0.40450898496610027, 0.4479228382449019, 0.47008269338928316, 0.4432315346291973, 0.5319871749829301, 0.38122238901563527, 0.24625978025597167, 0.07808665632154686, 0.018182592552026595]
# Best score: 13085
# Best message count: 9891
# Best DF17 count: 1547
# Current bounds:
# [0.963839, 1.162456]
# [0.335798, 0.407210]
# [0.255220, 0.438041]
# [0.441021, 0.491021]
# [0.367821, 0.417821]
# [0.374812, 0.527177]
# [0.455511, 0.505511]
# [0.401796, 0.451796]
# [0.500540, 0.550540]
# [0.272746, 0.517290]
# [0.226836, 0.286456]
# [0.029805, 0.120959]
# [-0.069545, 0.103599]
# Best taps:
-0.0006037557614035904
-0.0009461379959248006
-0.0023054764606058598
-0.002002160996198654
0.0005046624573878944
0.003581178840249777
0.008027126081287861
0.024274898692965508
0.025406762957572937
0.032014526426792145
0.08432193100452423
-0.009695214219391346
0.13132420182228088
0.4121949076652527
0.13132420182228088
-0.009695214219391346
0.08432193100452423
0.032014526426792145
0.025406762957572937
0.024274898692965508
0.008027126081287861
0.003581178840249777
0.0005046624573878944
-0.002002160996198654
-0.0023054764606058598
-0.0009461379959248006
-0.0006037557614035904

# ================================================================
# Instance: /Users/samknows/stream1090/bench/rtl32/captures/t4_3200k_narrow_30s.cu8
# Time: 2026-09-04 13:25:24
# FS: 3.2 MHz → FS_UP: 24.0 MHz
# Number of taps: 27
# Best score: 13102
# Best message count: 9907
# Best DF17 count: 1552
# Best params: [1.0594391290900043, 0.34442153345044535, 0.3617667046471735, 0.48701886890067286, 0.4261187991784638, 0.484943769203905, 0.4822253703158551, 0.44392113637403907, 0.5552244916831477, 0.37159653534592413, 0.2110205563905407, 0.06645260824788757, 0.022256729173303593]
# Current bounds:
# [1.052001, 1.107901]
# [0.343580, 0.393580]
# [0.322620, 0.372620]
# [0.442207, 0.492207]
# [0.379509, 0.429509]
# [0.409046, 0.486800]
# [0.427911, 0.512255]
# [0.408591, 0.477872]
# [0.506987, 0.556987]
# [0.356222, 0.406222]
# [0.190995, 0.301524]
# [0.053087, 0.103087]
# [-0.123426, 0.159791]
# Best taps:
-0.0006076031131669879
-0.0009521143510937691
-0.002397016389295459
-0.0019182708347216249
0.0018352731131017208
0.003467465750873089
0.008290302008390427
0.027050405740737915
0.02450566552579403
0.03417706862092018
0.07969721406698227
-0.017676303163170815
0.13496260344982147
0.4191306233406067
0.13496260344982147
-0.017676303163170815
0.07969721406698227
0.03417706862092018
0.02450566552579403
0.027050405740737915
0.008290302008390427
0.003467465750873089
0.0018352731131017208
-0.0019182708347216249
-0.002397016389295459
-0.0009521143510937691
-0.0006076031131669879

# ==================== END OF RUN ====================
# Time: 2026-09-04 13:25:24
# Instance: /Users/samknows/stream1090/bench/rtl32/captures/t4_3200k_narrow_30s.cu8
# FS: 3.2 MHz → FS_UP: 24.0 MHz
# Number of taps: 27
# Best params: [1.0594391290900043, 0.34442153345044535, 0.3617667046471735, 0.48701886890067286, 0.4261187991784638, 0.484943769203905, 0.4822253703158551, 0.44392113637403907, 0.5552244916831477, 0.37159653534592413, 0.2110205563905407, 0.06645260824788757, 0.022256729173303593]
# Best score: 13102
# Best message count: 9907
# Best DF17 count: 1552
# Current bounds:
# [1.052001, 1.107901]
# [0.343580, 0.393580]
# [0.322620, 0.372620]
# [0.442207, 0.492207]
# [0.379509, 0.429509]
# [0.409046, 0.486800]
# [0.427911, 0.512255]
# [0.408591, 0.477872]
# [0.506987, 0.556987]
# [0.356222, 0.406222]
# [0.190995, 0.301524]
# [0.053087, 0.103087]
# [-0.123426, 0.159791]
# Best taps:
-0.0006076031131669879
-0.0009521143510937691
-0.002397016389295459
-0.0019182708347216249
0.0018352731131017208
0.003467465750873089
0.008290302008390427
0.027050405740737915
0.02450566552579403
0.03417706862092018
0.07969721406698227
-0.017676303163170815
0.13496260344982147
0.4191306233406067
0.13496260344982147
-0.017676303163170815
0.07969721406698227
0.03417706862092018
0.02450566552579403
0.027050405740737915
0.008290302008390427
0.003467465750873089
0.0018352731131017208
-0.0019182708347216249
-0.002397016389295459
-0.0009521143510937691
-0.0006076031131669879

# ================================================================
# Instance: /Users/samknows/stream1090/bench/rtl32/captures/t4_3200k_narrow_30s.cu8
# Time: 2026-09-04 13:27:11
# FS: 3.2 MHz → FS_UP: 24.0 MHz
# Number of taps: 27
# Best score: 13114
# Best message count: 9915
# Best DF17 count: 1552
# Best params: [1.0211943989984822, 0.35734044662469133, 0.3722853090919321, 0.48234355229033987, 0.42198907233760063, 0.48921732557743114, 0.4809246906402305, 0.4480607003225037, 0.5826233191500311, 0.3592380525832359, 0.20161560743685494, 0.05516957421243312, 0.02471964980119526]
# Current bounds:
# [1.017118, 1.101761]
# [0.319422, 0.369422]
# [0.331891, 0.391643]
# [0.462019, 0.512019]
# [0.401119, 0.451119]
# [0.459944, 0.509944]
# [0.381798, 0.582653]
# [0.418921, 0.468921]
# [0.520578, 0.589871]
# [0.343468, 0.399725]
# [0.186021, 0.236021]
# [0.041453, 0.091453]
# [-0.002743, 0.047257]
# Best taps:
-0.00044657077523879707
-0.0008179204305633903
-0.00238821841776371
-0.0014805261744186282
0.0025208357255905867
0.002970097353681922
0.008000857196748257
0.02753996104001999
0.02136957086622715
0.034307945519685745
0.08042272925376892
-0.021193018183112144
0.1366235613822937
0.4251413643360138
0.1366235613822937
-0.021193018183112144
0.08042272925376892
0.034307945519685745
0.02136957086622715
0.02753996104001999
0.008000857196748257
0.002970097353681922
0.0025208357255905867
-0.0014805261744186282
-0.00238821841776371
-0.0008179204305633903
-0.00044657077523879707

# ==================== END OF RUN ====================
# Time: 2026-09-04 13:27:11
# Instance: /Users/samknows/stream1090/bench/rtl32/captures/t4_3200k_narrow_30s.cu8
# FS: 3.2 MHz → FS_UP: 24.0 MHz
# Number of taps: 27
# Best params: [1.0211943989984822, 0.35734044662469133, 0.3722853090919321, 0.48234355229033987, 0.42198907233760063, 0.48921732557743114, 0.4809246906402305, 0.4480607003225037, 0.5826233191500311, 0.3592380525832359, 0.20161560743685494, 0.05516957421243312, 0.02471964980119526]
# Best score: 13114
# Best message count: 9915
# Best DF17 count: 1552
# Current bounds:
# [1.017118, 1.101761]
# [0.319422, 0.369422]
# [0.331891, 0.391643]
# [0.462019, 0.512019]
# [0.401119, 0.451119]
# [0.459944, 0.509944]
# [0.381798, 0.582653]
# [0.418921, 0.468921]
# [0.520578, 0.589871]
# [0.343468, 0.399725]
# [0.186021, 0.236021]
# [0.041453, 0.091453]
# [-0.002743, 0.047257]
# Best taps:
-0.00044657077523879707
-0.0008179204305633903
-0.00238821841776371
-0.0014805261744186282
0.0025208357255905867
0.002970097353681922
0.008000857196748257
0.02753996104001999
0.02136957086622715
0.034307945519685745
0.08042272925376892
-0.021193018183112144
0.1366235613822937
0.4251413643360138
0.1366235613822937
-0.021193018183112144
0.08042272925376892
0.034307945519685745
0.02136957086622715
0.02753996104001999
0.008000857196748257
0.002970097353681922
0.0025208357255905867
-0.0014805261744186282
-0.00238821841776371
-0.0008179204305633903
-0.00044657077523879707

# ==================== END OF RUN ====================
# Time: 2026-09-04 13:28:59
# Instance: /Users/samknows/stream1090/bench/rtl32/captures/t4_3200k_narrow_30s.cu8
# FS: 3.2 MHz → FS_UP: 24.0 MHz
# Number of taps: 27
# Best params: [1.0211943989984822, 0.35734044662469133, 0.3722853090919321, 0.48234355229033987, 0.42198907233760063, 0.48921732557743114, 0.4809246906402305, 0.4480607003225037, 0.5826233191500311, 0.3592380525832359, 0.20161560743685494, 0.05516957421243312, 0.02471964980119526]
# Best score: 13114
# Best message count: 9915
# Best DF17 count: 1552
# Current bounds:
# [0.996194, 1.046194]
# [0.332340, 0.382340]
# [0.312648, 0.431922]
# [0.457344, 0.507344]
# [0.396989, 0.446989]
# [0.464217, 0.514217]
# [0.441613, 0.520236]
# [0.423061, 0.473061]
# [0.557623, 0.607623]
# [0.334238, 0.384238]
# [0.176616, 0.226616]
# [0.030170, 0.080170]
# [-0.000280, 0.049720]
# Best taps:
-0.00044657077523879707
-0.0008179204305633903
-0.00238821841776371
-0.0014805261744186282
0.0025208357255905867
0.002970097353681922
0.008000857196748257
0.02753996104001999
0.02136957086622715
0.034307945519685745
0.08042272925376892
-0.021193018183112144
0.1366235613822937
0.4251413643360138
0.1366235613822937
-0.021193018183112144
0.08042272925376892
0.034307945519685745
0.02136957086622715
0.02753996104001999
0.008000857196748257
0.002970097353681922
0.0025208357255905867
-0.0014805261744186282
-0.00238821841776371
-0.0008179204305633903
-0.00044657077523879707

# ================================================================
# Instance: /Users/samknows/stream1090/bench/rtl32/captures/t4_3200k_narrow_30s.cu8
# Time: 2026-09-04 13:30:50
# FS: 3.2 MHz → FS_UP: 24.0 MHz
# Number of taps: 27
# Best score: 13121
# Best message count: 9919
# Best DF17 count: 1556
# Best params: [1.0286432995147536, 0.3513175962532145, 0.3741945840640473, 0.49117957568030973, 0.4420442960076436, 0.47844887157957877, 0.46584741940769697, 0.46056311334097777, 0.5842497284754492, 0.3392839084751815, 0.19402069191323149, 0.05961397581724071, 0.031696066961969596]
# Current bounds:
# [0.996194, 1.046194]
# [0.332340, 0.382340]
# [0.347285, 0.397285]
# [0.432565, 0.532122]
# [0.388391, 0.455587]
# [0.464217, 0.514217]
# [0.455925, 0.505925]
# [0.423061, 0.473061]
# [0.556621, 0.608625]
# [0.317056, 0.401420]
# [0.168136, 0.235095]
# [0.030170, 0.080170]
# [-0.004571, 0.054010]
# Best taps:
-0.00047778416774235666
-0.0008670301176607609
-0.0023386997636407614
-0.0013123959070071578
0.0021421383135020733
0.001959135290235281
0.009758569300174713
0.028765719383955002
0.02057504467666149
0.034471169114112854
0.07794980704784393
-0.0201855655759573
0.1375734508037567
0.42397281527519226
0.1375734508037567
-0.0201855655759573
0.07794980704784393
0.034471169114112854
0.02057504467666149
0.028765719383955002
0.009758569300174713
0.001959135290235281
0.0021421383135020733
-0.0013123959070071578
-0.0023386997636407614
-0.0008670301176607609
-0.00047778416774235666

# ==================== END OF RUN ====================
# Time: 2026-09-04 13:30:50
# Instance: /Users/samknows/stream1090/bench/rtl32/captures/t4_3200k_narrow_30s.cu8
# FS: 3.2 MHz → FS_UP: 24.0 MHz
# Number of taps: 27
# Best params: [1.0286432995147536, 0.3513175962532145, 0.3741945840640473, 0.49117957568030973, 0.4420442960076436, 0.47844887157957877, 0.46584741940769697, 0.46056311334097777, 0.5842497284754492, 0.3392839084751815, 0.19402069191323149, 0.05961397581724071, 0.031696066961969596]
# Best score: 13121
# Best message count: 9919
# Best DF17 count: 1556
# Current bounds:
# [0.996194, 1.046194]
# [0.332340, 0.382340]
# [0.347285, 0.397285]
# [0.432565, 0.532122]
# [0.388391, 0.455587]
# [0.464217, 0.514217]
# [0.455925, 0.505925]
# [0.423061, 0.473061]
# [0.556621, 0.608625]
# [0.317056, 0.401420]
# [0.168136, 0.235095]
# [0.030170, 0.080170]
# [-0.004571, 0.054010]
# Best taps:
-0.00047778416774235666
-0.0008670301176607609
-0.0023386997636407614
-0.0013123959070071578
0.0021421383135020733
0.001959135290235281
0.009758569300174713
0.028765719383955002
0.02057504467666149
0.034471169114112854
0.07794980704784393
-0.0201855655759573
0.1375734508037567
0.42397281527519226
0.1375734508037567
-0.0201855655759573
0.07794980704784393
0.034471169114112854
0.02057504467666149
0.028765719383955002
0.009758569300174713
0.001959135290235281
0.0021421383135020733
-0.0013123959070071578
-0.0023386997636407614
-0.0008670301176607609
-0.00047778416774235666

# ================================================================
# Instance: /Users/samknows/stream1090/bench/rtl32/captures/t4_3200k_narrow_30s.cu8
# Time: 2026-09-04 13:32:38
# FS: 3.2 MHz → FS_UP: 24.0 MHz
# Number of taps: 27
# Best score: 13130
# Best message count: 9932
# Best DF17 count: 1554
# Best params: [1.0343716941031211, 0.34563078616661763, 0.35538472858656256, 0.5072579216765397, 0.4203436958596276, 0.4805974376943639, 0.4597207652707659, 0.46278646165938897, 0.5821396525478266, 0.30459329503553784, 0.20310326448487664, 0.06640313886656396, 0.015105516034803871]
# Current bounds:
# [1.003643, 1.053643]
# [0.326318, 0.376318]
# [0.349195, 0.399195]
# [0.466180, 0.516180]
# [0.401934, 0.482155]
# [0.453449, 0.503449]
# [0.435693, 0.496002]
# [0.435558, 0.485568]
# [0.559250, 0.609250]
# [0.299376, 0.379192]
# [0.169021, 0.219021]
# [0.034614, 0.084614]
# [0.006696, 0.056696]
# Best taps:
-0.0003969515091739595
-0.000893343472853303
-0.002883368404582143
-0.0011382262455299497
0.0017560729756951332
0.0019111607689410448
0.01154993660748005
0.027787253260612488
0.021355321630835533
0.03549346327781677
0.07768203318119049
-0.019436853006482124
0.13807837665081024
0.4182702600955963
0.13807837665081024
-0.019436853006482124
0.07768203318119049
0.03549346327781677
0.021355321630835533
0.027787253260612488
0.01154993660748005
0.0019111607689410448
0.0017560729756951332
-0.0011382262455299497
-0.002883368404582143
-0.000893343472853303
-0.0003969515091739595

# ==================== END OF RUN ====================
# Time: 2026-09-04 13:32:38
# Instance: /Users/samknows/stream1090/bench/rtl32/captures/t4_3200k_narrow_30s.cu8
# FS: 3.2 MHz → FS_UP: 24.0 MHz
# Number of taps: 27
# Best params: [1.0343716941031211, 0.34563078616661763, 0.35538472858656256, 0.5072579216765397, 0.4203436958596276, 0.4805974376943639, 0.4597207652707659, 0.46278646165938897, 0.5821396525478266, 0.30459329503553784, 0.20310326448487664, 0.06640313886656396, 0.015105516034803871]
# Best score: 13130
# Best message count: 9932
# Best DF17 count: 1554
# Current bounds:
# [1.003643, 1.053643]
# [0.326318, 0.376318]
# [0.349195, 0.399195]
# [0.466180, 0.516180]
# [0.401934, 0.482155]
# [0.453449, 0.503449]
# [0.435693, 0.496002]
# [0.435558, 0.485568]
# [0.559250, 0.609250]
# [0.299376, 0.379192]
# [0.169021, 0.219021]
# [0.034614, 0.084614]
# [0.006696, 0.056696]
# Best taps:
-0.0003969515091739595
-0.000893343472853303
-0.002883368404582143
-0.0011382262455299497
0.0017560729756951332
0.0019111607689410448
0.01154993660748005
0.027787253260612488
0.021355321630835533
0.03549346327781677
0.07768203318119049
-0.019436853006482124
0.13807837665081024
0.4182702600955963
0.13807837665081024
-0.019436853006482124
0.07768203318119049
0.03549346327781677
0.021355321630835533
0.027787253260612488
0.01154993660748005
0.0019111607689410448
0.0017560729756951332
-0.0011382262455299497
-0.002883368404582143
-0.000893343472853303
-0.0003969515091739595

# ================================================================
# Instance: /Users/samknows/stream1090/bench/rtl32/captures/t4_3200k_narrow_30s.cu8
# Time: 2026-09-04 13:34:29
# FS: 3.2 MHz → FS_UP: 24.0 MHz
# Number of taps: 27
# Best score: 13132
# Best message count: 9932
# Best DF17 count: 1550
# Best params: [1.0130610348179567, 0.3335480446128938, 0.3495367284047881, 0.5261155536492842, 0.40493564647664315, 0.5017418840795702, 0.4496557867019486, 0.46208636853164364, 0.5960917179372829, 0.30848138482515175, 0.2200569261284497, 0.04912817532503026, 0.02447186506378777]
# Current bounds:
# [1.009372, 1.059372]
# [0.320631, 0.370631]
# [0.330385, 0.380385]
# [0.482258, 0.532258]
# [0.395344, 0.445344]
# [0.455597, 0.505597]
# [0.434721, 0.484721]
# [0.437786, 0.487786]
# [0.557140, 0.607140]
# [0.277321, 0.331866]
# [0.178103, 0.228103]
# [0.041403, 0.091403]
# [-0.009894, 0.040106]
# Best taps:
-0.0001847133389674127
-0.001063813571818173
-0.0031419328879565
-0.0009011669899336994
0.0021616732701659203
0.0026895806659013033
0.01137551199644804
0.029456229880452156
0.02161138877272606
0.03426334634423256
0.0778249055147171
-0.02226381003856659
0.13664188981056213
0.4230618178844452
0.13664188981056213
-0.02226381003856659
0.0778249055147171
0.03426334634423256
0.02161138877272606
0.029456229880452156
0.01137551199644804
0.0026895806659013033
0.0021616732701659203
-0.0009011669899336994
-0.0031419328879565
-0.001063813571818173
-0.0001847133389674127

# ==================== END OF RUN ====================
# Time: 2026-09-04 13:34:29
# Instance: /Users/samknows/stream1090/bench/rtl32/captures/t4_3200k_narrow_30s.cu8
# FS: 3.2 MHz → FS_UP: 24.0 MHz
# Number of taps: 27
# Best params: [1.0130610348179567, 0.3335480446128938, 0.3495367284047881, 0.5261155536492842, 0.40493564647664315, 0.5017418840795702, 0.4496557867019486, 0.46208636853164364, 0.5960917179372829, 0.30848138482515175, 0.2200569261284497, 0.04912817532503026, 0.02447186506378777]
# Best score: 13132
# Best message count: 9932
# Best DF17 count: 1550
# Current bounds:
# [1.009372, 1.059372]
# [0.320631, 0.370631]
# [0.330385, 0.380385]
# [0.482258, 0.532258]
# [0.395344, 0.445344]
# [0.455597, 0.505597]
# [0.434721, 0.484721]
# [0.437786, 0.487786]
# [0.557140, 0.607140]
# [0.277321, 0.331866]
# [0.178103, 0.228103]
# [0.041403, 0.091403]
# [-0.009894, 0.040106]
# Best taps:
-0.0001847133389674127
-0.001063813571818173
-0.0031419328879565
-0.0009011669899336994
0.0021616732701659203
0.0026895806659013033
0.01137551199644804
0.029456229880452156
0.02161138877272606
0.03426334634423256
0.0778249055147171
-0.02226381003856659
0.13664188981056213
0.4230618178844452
0.13664188981056213
-0.02226381003856659
0.0778249055147171
0.03426334634423256
0.02161138877272606
0.029456229880452156
0.01137551199644804
0.0026895806659013033
0.0021616732701659203
-0.0009011669899336994
-0.0031419328879565
-0.001063813571818173
-0.0001847133389674127

# ================================================================
# Instance: /Users/samknows/stream1090/bench/rtl32/captures/t4_3200k_narrow_30s.cu8
# Time: 2026-09-04 13:36:17
# FS: 3.2 MHz → FS_UP: 24.0 MHz
# Number of taps: 27
# Best score: 13135
# Best message count: 9932
# Best DF17 count: 1551
# Best params: [1.0194565563112925, 0.3444852429681191, 0.36734594122141634, 0.5037970551736655, 0.43117266636871987, 0.4882077096101386, 0.45779602127737057, 0.48262030502152664, 0.5709212315731095, 0.29751357351060714, 0.1918843377613365, 0.04008674426243361, 0.028999005596284044]
# Current bounds:
# [0.970440, 1.055682]
# [0.308548, 0.358548]
# [0.324537, 0.374537]
# [0.488400, 0.563831]
# [0.374120, 0.435752]
# [0.459453, 0.544031]
# [0.424656, 0.474656]
# [0.437086, 0.487086]
# [0.568188, 0.623996]
# [0.283481, 0.333481]
# [0.186150, 0.253964]
# [0.014578, 0.083678]
# [-0.000528, 0.049472]
# Best taps:
-0.0003397811087779701
-0.0010461800266057253
-0.0025415613781660795
-0.0008077416568994522
0.0016487882239744067
0.002140612341463566
0.011383295059204102
0.028485337272286415
0.019436953589320183
0.037336770445108414
0.07555463165044785
-0.022128969430923462
0.14068666100502014
0.4203823506832123
0.14068666100502014
-0.022128969430923462
0.07555463165044785
0.037336770445108414
0.019436953589320183
0.028485337272286415
0.011383295059204102
0.002140612341463566
0.0016487882239744067
-0.0008077416568994522
-0.0025415613781660795
-0.0010461800266057253
-0.0003397811087779701

# ==================== END OF RUN ====================
# Time: 2026-09-04 13:36:17
# Instance: /Users/samknows/stream1090/bench/rtl32/captures/t4_3200k_narrow_30s.cu8
# FS: 3.2 MHz → FS_UP: 24.0 MHz
# Number of taps: 27
# Best params: [1.0194565563112925, 0.3444852429681191, 0.36734594122141634, 0.5037970551736655, 0.43117266636871987, 0.4882077096101386, 0.45779602127737057, 0.48262030502152664, 0.5709212315731095, 0.29751357351060714, 0.1918843377613365, 0.04008674426243361, 0.028999005596284044]
# Best score: 13135
# Best message count: 9932
# Best DF17 count: 1551
# Current bounds:
# [0.970440, 1.055682]
# [0.308548, 0.358548]
# [0.324537, 0.374537]
# [0.488400, 0.563831]
# [0.374120, 0.435752]
# [0.459453, 0.544031]
# [0.424656, 0.474656]
# [0.437086, 0.487086]
# [0.568188, 0.623996]
# [0.283481, 0.333481]
# [0.186150, 0.253964]
# [0.014578, 0.083678]
# [-0.000528, 0.049472]
# Best taps:
-0.0003397811087779701
-0.0010461800266057253
-0.0025415613781660795
-0.0008077416568994522
0.0016487882239744067
0.002140612341463566
0.011383295059204102
0.028485337272286415
0.019436953589320183
0.037336770445108414
0.07555463165044785
-0.022128969430923462
0.14068666100502014
0.4203823506832123
0.14068666100502014
-0.022128969430923462
0.07555463165044785
0.037336770445108414
0.019436953589320183
0.028485337272286415
0.011383295059204102
0.002140612341463566
0.0016487882239744067
-0.0008077416568994522
-0.0025415613781660795
-0.0010461800266057253
-0.0003397811087779701

# ==================== END OF RUN ====================
# Time: 2026-09-04 13:38:05
# Instance: /Users/samknows/stream1090/bench/rtl32/captures/t4_3200k_narrow_30s.cu8
# FS: 3.2 MHz → FS_UP: 24.0 MHz
# Number of taps: 27
# Best params: [1.0194565563112925, 0.3444852429681191, 0.36734594122141634, 0.5037970551736655, 0.43117266636871987, 0.4882077096101386, 0.45779602127737057, 0.48262030502152664, 0.5709212315731095, 0.29751357351060714, 0.1918843377613365, 0.04008674426243361, 0.028999005596284044]
# Best score: 13135
# Best message count: 9932
# Best DF17 count: 1551
# Current bounds:
# [0.994457, 1.044457]
# [0.319485, 0.369485]
# [0.331728, 0.402964]
# [0.459160, 0.548434]
# [0.378699, 0.483647]
# [0.461139, 0.515276]
# [0.432796, 0.482796]
# [0.441552, 0.523688]
# [0.520580, 0.621262]
# [0.272514, 0.322514]
# [0.135539, 0.248230]
# [0.015087, 0.065087]
# [0.003999, 0.053999]
# Best taps:
-0.0003397811087779701
-0.0010461800266057253
-0.0025415613781660795
-0.0008077416568994522
0.0016487882239744067
0.002140612341463566
0.011383295059204102
0.028485337272286415
0.019436953589320183
0.037336770445108414
0.07555463165044785
-0.022128969430923462
0.14068666100502014
0.4203823506832123
0.14068666100502014
-0.022128969430923462
0.07555463165044785
0.037336770445108414
0.019436953589320183
0.028485337272286415
0.011383295059204102
0.002140612341463566
0.0016487882239744067
-0.0008077416568994522
-0.0025415613781660795
-0.0010461800266057253
-0.0003397811087779701

# ==================== END OF RUN ====================
# Time: 2026-09-04 13:39:54
# Instance: /Users/samknows/stream1090/bench/rtl32/captures/t4_3200k_narrow_30s.cu8
# FS: 3.2 MHz → FS_UP: 24.0 MHz
# Number of taps: 27
# Best params: [1.0194565563112925, 0.3444852429681191, 0.36734594122141634, 0.5037970551736655, 0.43117266636871987, 0.4882077096101386, 0.45779602127737057, 0.48262030502152664, 0.5709212315731095, 0.29751357351060714, 0.1918843377613365, 0.04008674426243361, 0.028999005596284044]
# Best score: 13135
# Best message count: 9932
# Best DF17 count: 1551
# Current bounds:
# [0.994457, 1.044457]
# [0.314429, 0.374541]
# [0.342346, 0.392346]
# [0.478797, 0.528797]
# [0.364028, 0.498317]
# [0.449761, 0.526655]
# [0.432796, 0.482796]
# [0.439485, 0.525756]
# [0.545006, 0.596837]
# [0.262350, 0.332677]
# [0.135266, 0.248503]
# [0.015087, 0.065087]
# [0.001477, 0.056521]
# Best taps:
-0.0003397811087779701
-0.0010461800266057253
-0.0025415613781660795
-0.0008077416568994522
0.0016487882239744067
0.002140612341463566
0.011383295059204102
0.028485337272286415
0.019436953589320183
0.037336770445108414
0.07555463165044785
-0.022128969430923462
0.14068666100502014
0.4203823506832123
0.14068666100502014
-0.022128969430923462
0.07555463165044785
0.037336770445108414
0.019436953589320183
0.028485337272286415
0.011383295059204102
0.002140612341463566
0.0016487882239744067
-0.0008077416568994522
-0.0025415613781660795
-0.0010461800266057253
-0.0003397811087779701

# ==================== END OF RUN ====================
# Time: 2026-09-04 13:41:41
# Instance: /Users/samknows/stream1090/bench/rtl32/captures/t4_3200k_narrow_30s.cu8
# FS: 3.2 MHz → FS_UP: 24.0 MHz
# Number of taps: 27
# Best params: [1.0194565563112925, 0.3444852429681191, 0.36734594122141634, 0.5037970551736655, 0.43117266636871987, 0.4882077096101386, 0.45779602127737057, 0.48262030502152664, 0.5709212315731095, 0.29751357351060714, 0.1918843377613365, 0.04008674426243361, 0.028999005596284044]
# Best score: 13135
# Best message count: 9932
# Best DF17 count: 1551
# Current bounds:
# [0.979180, 1.059733]
# [0.319485, 0.369485]
# [0.342346, 0.392346]
# [0.478797, 0.528797]
# [0.406173, 0.456173]
# [0.453614, 0.522801]
# [0.424235, 0.491357]
# [0.423569, 0.541672]
# [0.543885, 0.597958]
# [0.247830, 0.347198]
# [0.157507, 0.226262]
# [0.015087, 0.065087]
# [-0.025149, 0.083147]
# Best taps:
-0.0003397811087779701
-0.0010461800266057253
-0.0025415613781660795
-0.0008077416568994522
0.0016487882239744067
0.002140612341463566
0.011383295059204102
0.028485337272286415
0.019436953589320183
0.037336770445108414
0.07555463165044785
-0.022128969430923462
0.14068666100502014
0.4203823506832123
0.14068666100502014
-0.022128969430923462
0.07555463165044785
0.037336770445108414
0.019436953589320183
0.028485337272286415
0.011383295059204102
0.002140612341463566
0.0016487882239744067
-0.0008077416568994522
-0.0025415613781660795
-0.0010461800266057253
-0.0003397811087779701

