# ==================== BASELINE ====================
# Time: 2026-09-04 10:37:51
# Instance: /Users/samknows/stream1090/bench/rtl32/captures/t1_3200k_30s.cu8
# FS: 3.2 MHz → FS_UP: 16.0 MHz
# Number of taps: 27
# Built-in score: 20616
# Built-in message count: 15503
# Built-in DF17 count: 2283

# ================================================================
# Instance: /Users/samknows/stream1090/bench/rtl32/captures/t1_3200k_30s.cu8
# Time: 2026-09-04 10:40:26
# FS: 3.2 MHz → FS_UP: 16.0 MHz
# Number of taps: 27
# Best score: 20387
# Best message count: 15364
# Best DF17 count: 2214
# Best params: [1.2427105359289685, 0.7605901142477912, 0.3858708869772814, 0.43413723968706575, 0.8955342838367311, 0.4198667732968886, 0.6767368712172084, 0.447179093673157, 0.7064865845166621, 0.7630602516349476, 0.05687380895485661, 0.45827177762426596, -0.06779737971464506]
# Current bounds:
# [0.428571, 1.428571]
# [0.357143, 1.357143]
# [0.285714, 1.285714]
# [0.214286, 1.214286]
# [0.142857, 1.142857]
# [0.071429, 1.071429]
# [0.000000, 1.000000]
# [-0.071429, 0.928571]
# [-0.142857, 0.857143]
# [-0.214286, 0.785714]
# [-0.285714, 0.714286]
# [-0.357143, 0.642857]
# [-0.428571, 0.571429]
# Best taps:
-0.002504531992599368
0.0023001297377049923
0.0009374832734465599
-0.00801744032651186
-0.00044365061330609024
-0.014486294239759445
-0.003107321448624134
0.023056816309690475
0.03034348413348198
0.01745467446744442
0.0871100202202797
-0.01932382397353649
0.13827374577522278
0.49681341648101807
0.13827374577522278
-0.01932382397353649
0.0871100202202797
0.01745467446744442
0.03034348413348198
0.023056816309690475
-0.003107321448624134
-0.014486294239759445
-0.00044365061330609024
-0.00801744032651186
0.0009374832734465599
0.0023001297377049923
-0.002504531992599368

# ================================================================
# Instance: /Users/samknows/stream1090/bench/rtl32/captures/t1_3200k_30s.cu8
# Time: 2026-09-04 10:44:23
# FS: 3.2 MHz → FS_UP: 16.0 MHz
# Number of taps: 27
# Best score: 20414
# Best message count: 15367
# Best DF17 count: 2241
# Best params: [1.2980618559571804, 0.6207514342687285, 0.41463244180327113, 0.5054431559039231, 0.5748717574676984, 0.32343507053141946, 0.7598653931012511, 0.37533632195032784, 0.6412032812095394, 0.6455628234854166, 0.46423022004879555, 0.3184688309758956, 0.00387863777834907]
# Current bounds:
# [0.428571, 1.428571]
# [0.357143, 1.357143]
# [0.285714, 1.285714]
# [0.214286, 1.214286]
# [0.142857, 1.142857]
# [0.071429, 1.071429]
# [0.000000, 1.000000]
# [-0.071429, 0.928571]
# [-0.142857, 0.857143]
# [-0.214286, 0.785714]
# [-0.285714, 0.714286]
# [-0.357143, 0.642857]
# [-0.428571, 0.571429]
# Best taps:
-0.0011937377275899053
0.0011179768480360508
-0.0018177160527557135
-0.00675403606146574
-0.003351599210873246
0.002711831359192729
0.0024724833201617002
0.008718905970454216
0.03407362848520279
0.00999863725155592
0.09857966005802155
0.0017902025720104575
0.11641488969326019
0.4744778573513031
0.11641488969326019
0.0017902025720104575
0.09857966005802155
0.00999863725155592
0.03407362848520279
0.008718905970454216
0.0024724833201617002
0.002711831359192729
-0.003351599210873246
-0.00675403606146574
-0.0018177160527557135
0.0011179768480360508
-0.0011937377275899053

# ================================================================
# Instance: /Users/samknows/stream1090/bench/rtl32/captures/t1_3200k_30s.cu8
# Time: 2026-09-04 10:45:42
# FS: 3.2 MHz → FS_UP: 16.0 MHz
# Number of taps: 27
# Best score: 20530
# Best message count: 15437
# Best DF17 count: 2251
# Best params: [1.2630670830685018, 0.6254039079639331, 0.43877998623614684, 0.6092090631292497, 0.6245250284819305, 0.5007155010442189, 0.7015837997029744, 0.4985580199118238, 0.71947115150823, 0.6660529731679633, 0.1837869442126998, 0.4550942138257267, -0.26688658019564093]
# Current bounds:
# [0.428571, 1.428571]
# [0.357143, 1.357143]
# [0.285714, 1.285714]
# [0.214286, 1.214286]
# [0.142857, 1.142857]
# [0.071429, 1.071429]
# [0.000000, 1.000000]
# [-0.071429, 0.928571]
# [-0.142857, 0.857143]
# [-0.214286, 0.785714]
# [-0.285714, 0.714286]
# [-0.357143, 0.642857]
# [-0.428571, 0.571429]
# Best taps:
-0.0024429678451269865
0.0015698736533522606
-0.002934494521468878
-0.00606082659214735
0.0006908905925229192
-0.0042906254529953
0.006368967238813639
0.014514554291963577
0.029957089573144913
0.010101057589054108
0.09671909362077713
-0.03158465027809143
0.14399446547031403
0.4867950975894928
0.14399446547031403
-0.03158465027809143
0.09671909362077713
0.010101057589054108
0.029957089573144913
0.014514554291963577
0.006368967238813639
-0.0042906254529953
0.0006908905925229192
-0.00606082659214735
-0.002934494521468878
0.0015698736533522606
-0.0024429678451269865

# ================================================================
# Instance: /Users/samknows/stream1090/bench/rtl32/captures/t1_3200k_30s.cu8
# Time: 2026-09-04 10:48:20
# FS: 3.2 MHz → FS_UP: 16.0 MHz
# Number of taps: 27
# Best score: 20600
# Best message count: 15500
# Best DF17 count: 2250
# Best params: [1.2928231295413823, 0.3836539424924653, 0.48468430524822864, 0.7818337865237248, 0.4214274280982735, 0.5408642731935626, 0.7361004035498545, 0.3807355415137731, 0.7905802777395323, 0.6508288159216316, 0.164155359107848, 0.30225539567100734, 0.0015898118065652556]
# Current bounds:
# [0.428571, 1.428571]
# [0.357143, 1.357143]
# [0.285714, 1.285714]
# [0.214286, 1.214286]
# [0.142857, 1.142857]
# [0.071429, 1.071429]
# [0.000000, 1.000000]
# [-0.071429, 0.928571]
# [-0.142857, 0.857143]
# [-0.214286, 0.785714]
# [-0.285714, 0.714286]
# [-0.357143, 0.642857]
# [-0.428571, 0.571429]
# Best taps:
-0.0015498031862080097
-9.173319267574698e-05
-0.004586248192936182
-0.0088048679754138
0.007456284947693348
0.006156491115689278
0.00961066409945488
0.02621655911207199
0.02096397988498211
0.015644632279872894
0.083579421043396
-0.025270620360970497
0.12998510897159576
0.4813803434371948
0.12998510897159576
-0.025270620360970497
0.083579421043396
0.015644632279872894
0.02096397988498211
0.02621655911207199
0.00961066409945488
0.006156491115689278
0.007456284947693348
-0.0088048679754138
-0.004586248192936182
-9.173319267574698e-05
-0.0015498031862080097

# ================================================================
# Instance: /Users/samknows/stream1090/bench/rtl32/captures/t1_3200k_30s.cu8
# Time: 2026-09-04 10:52:17
# FS: 3.2 MHz → FS_UP: 16.0 MHz
# Number of taps: 27
# Best score: 20626
# Best message count: 15521
# Best DF17 count: 2267
# Best params: [0.8953928344624856, 0.5017892069537032, 0.4682245295224116, 0.5490809324930399, 0.5300118764054921, 0.34961876961185967, 0.7304533966982374, 0.1501451292072058, 0.8007033325916675, 0.46321992046187976, 0.46212610035991675, -0.016785834822103163, 0.24369189676953462]
# Current bounds:
# [0.428571, 1.428571]
# [0.357143, 1.357143]
# [0.285714, 1.285714]
# [0.214286, 1.214286]
# [0.142857, 1.142857]
# [0.071429, 1.071429]
# [0.000000, 1.000000]
# [-0.071429, 0.928571]
# [-0.142857, 0.857143]
# [-0.214286, 0.785714]
# [-0.285714, 0.714286]
# [-0.357143, 0.642857]
# [-0.428571, 0.571429]
# Best taps:
0.001577330636791885
0.0017728193197399378
-0.002041450934484601
-0.005180663894861937
0.0040833959355950356
0.010061477310955524
-0.0036006602458655834
0.027107959613204002
0.020243825390934944
0.00653092609718442
0.0778723731637001
-0.015403354540467262
0.12071344256401062
0.5125251412391663
0.12071344256401062
-0.015403354540467262
0.0778723731637001
0.00653092609718442
0.020243825390934944
0.027107959613204002
-0.0036006602458655834
0.010061477310955524
0.0040833959355950356
-0.005180663894861937
-0.002041450934484601
0.0017728193197399378
0.001577330636791885

# ==================== END OF RUN ====================
# Time: 2026-09-04 10:52:17
# Instance: /Users/samknows/stream1090/bench/rtl32/captures/t1_3200k_30s.cu8
# FS: 3.2 MHz → FS_UP: 16.0 MHz
# Number of taps: 27
# Best params: [0.8953928344624856, 0.5017892069537032, 0.4682245295224116, 0.5490809324930399, 0.5300118764054921, 0.34961876961185967, 0.7304533966982374, 0.1501451292072058, 0.8007033325916675, 0.46321992046187976, 0.46212610035991675, -0.016785834822103163, 0.24369189676953462]
# Best score: 20626
# Best message count: 15521
# Best DF17 count: 2267
# Current bounds:
# [0.428571, 1.428571]
# [0.357143, 1.357143]
# [0.285714, 1.285714]
# [0.214286, 1.214286]
# [0.142857, 1.142857]
# [0.071429, 1.071429]
# [0.000000, 1.000000]
# [-0.071429, 0.928571]
# [-0.142857, 0.857143]
# [-0.214286, 0.785714]
# [-0.285714, 0.714286]
# [-0.357143, 0.642857]
# [-0.428571, 0.571429]
# Best taps:
0.001577330636791885
0.0017728193197399378
-0.002041450934484601
-0.005180663894861937
0.0040833959355950356
0.010061477310955524
-0.0036006602458655834
0.027107959613204002
0.020243825390934944
0.00653092609718442
0.0778723731637001
-0.015403354540467262
0.12071344256401062
0.5125251412391663
0.12071344256401062
-0.015403354540467262
0.0778723731637001
0.00653092609718442
0.020243825390934944
0.027107959613204002
-0.0036006602458655834
0.010061477310955524
0.0040833959355950356
-0.005180663894861937
-0.002041450934484601
0.0017728193197399378
0.001577330636791885

# ==================== END OF RUN ====================
# Time: 2026-09-04 10:57:27
# Instance: /Users/samknows/stream1090/bench/rtl32/captures/t1_3200k_30s.cu8
# FS: 3.2 MHz → FS_UP: 16.0 MHz
# Number of taps: 27
# Best params: [0.8953928344624856, 0.5017892069537032, 0.4682245295224116, 0.5490809324930399, 0.5300118764054921, 0.34961876961185967, 0.7304533966982374, 0.1501451292072058, 0.8007033325916675, 0.46321992046187976, 0.46212610035991675, -0.016785834822103163, 0.24369189676953462]
# Best score: 20626
# Best message count: 15521
# Best DF17 count: 2267
# Current bounds:
# [0.395393, 1.395393]
# [0.265519, 0.738060]
# [0.435305, 0.501144]
# [0.083575, 1.014587]
# [0.312843, 0.747181]
# [-0.032872, 0.732110]
# [0.705453, 0.755453]
# [-0.311036, 0.611326]
# [0.775703, 0.825703]
# [0.088002, 0.838438]
# [-0.037874, 0.962126]
# [-0.516786, 0.483214]
# [-0.240512, 0.727896]
# Best taps:
0.001577330636791885
0.0017728193197399378
-0.002041450934484601
-0.005180663894861937
0.0040833959355950356
0.010061477310955524
-0.0036006602458655834
0.027107959613204002
0.020243825390934944
0.00653092609718442
0.0778723731637001
-0.015403354540467262
0.12071344256401062
0.5125251412391663
0.12071344256401062
-0.015403354540467262
0.0778723731637001
0.00653092609718442
0.020243825390934944
0.027107959613204002
-0.0036006602458655834
0.010061477310955524
0.0040833959355950356
-0.005180663894861937
-0.002041450934484601
0.0017728193197399378
0.001577330636791885

# ==================== END OF RUN ====================
# Time: 2026-09-04 11:00:01
# Instance: /Users/samknows/stream1090/bench/rtl32/captures/t1_3200k_30s.cu8
# FS: 3.2 MHz → FS_UP: 16.0 MHz
# Number of taps: 27
# Best params: [0.8953928344624856, 0.5017892069537032, 0.4682245295224116, 0.5490809324930399, 0.5300118764054921, 0.34961876961185967, 0.7304533966982374, 0.1501451292072058, 0.8007033325916675, 0.46321992046187976, 0.46212610035991675, -0.016785834822103163, 0.24369189676953462]
# Best score: 20626
# Best message count: 15521
# Best DF17 count: 2267
# Current bounds:
# [0.636901, 1.153885]
# [0.350211, 0.653367]
# [0.429284, 0.507165]
# [0.400124, 0.698038]
# [0.308439, 0.751585]
# [0.203241, 0.495996]
# [0.705453, 0.755453]
# [0.051069, 0.249221]
# [0.775703, 0.825703]
# [0.338914, 0.587525]
# [0.437126, 0.487126]
# [-0.410576, 0.377004]
# [-0.076736, 0.564120]
# Best taps:
0.001577330636791885
0.0017728193197399378
-0.002041450934484601
-0.005180663894861937
0.0040833959355950356
0.010061477310955524
-0.0036006602458655834
0.027107959613204002
0.020243825390934944
0.00653092609718442
0.0778723731637001
-0.015403354540467262
0.12071344256401062
0.5125251412391663
0.12071344256401062
-0.015403354540467262
0.0778723731637001
0.00653092609718442
0.020243825390934944
0.027107959613204002
-0.0036006602458655834
0.010061477310955524
0.0040833959355950356
-0.005180663894861937
-0.002041450934484601
0.0017728193197399378
0.001577330636791885

# ================================================================
# Instance: /Users/samknows/stream1090/bench/rtl32/captures/t1_3200k_30s.cu8
# Time: 2026-09-04 11:02:40
# FS: 3.2 MHz → FS_UP: 16.0 MHz
# Number of taps: 27
# Best score: 20661
# Best message count: 15549
# Best DF17 count: 2279
# Best params: [1.3598811428307083, 0.2158025511168219, 0.4590810093701448, 0.5629318457594268, 0.47708832357710035, 0.29961973287155813, 0.716801471266563, 0.1622531206898765, 0.7806379310529419, 0.4765192992792419, 0.44000303275653846, 0.057991036517081665, -0.17821172951997882]
# Current bounds:
# [0.395393, 1.395393]
# [0.212535, 0.791043]
# [0.433529, 0.502920]
# [0.524081, 0.574081]
# [0.399813, 0.660211]
# [0.150677, 0.548561]
# [0.705453, 0.755453]
# [0.014602, 0.285688]
# [0.772100, 0.829307]
# [0.432348, 0.494091]
# [0.437126, 0.487126]
# [-0.246830, 0.213258]
# [-0.256308, 0.743692]
# Best taps:
-0.0015058196149766445
0.0008660796447657049
-0.005448759067803621
-0.0047263819724321365
0.00091205770149827
0.012520276941359043
0.006886153481900692
0.028377564623951912
0.03620528429746628
0.007879411801695824
0.09946271777153015
-0.013424270786345005
0.13095323741436005
0.40208494663238525
0.13095323741436005
-0.013424270786345005
0.09946271777153015
0.007879411801695824
0.03620528429746628
0.028377564623951912
0.006886153481900692
0.012520276941359043
0.00091205770149827
-0.0047263819724321365
-0.005448759067803621
0.0008660796447657049
-0.0015058196149766445

# ==================== END OF RUN ====================
# Time: 2026-09-04 11:02:40
# Instance: /Users/samknows/stream1090/bench/rtl32/captures/t1_3200k_30s.cu8
# FS: 3.2 MHz → FS_UP: 16.0 MHz
# Number of taps: 27
# Best params: [1.3598811428307083, 0.2158025511168219, 0.4590810093701448, 0.5629318457594268, 0.47708832357710035, 0.29961973287155813, 0.716801471266563, 0.1622531206898765, 0.7806379310529419, 0.4765192992792419, 0.44000303275653846, 0.057991036517081665, -0.17821172951997882]
# Best score: 20661
# Best message count: 15549
# Best DF17 count: 2279
# Current bounds:
# [0.395393, 1.395393]
# [0.212535, 0.791043]
# [0.433529, 0.502920]
# [0.524081, 0.574081]
# [0.399813, 0.660211]
# [0.150677, 0.548561]
# [0.705453, 0.755453]
# [0.014602, 0.285688]
# [0.772100, 0.829307]
# [0.432348, 0.494091]
# [0.437126, 0.487126]
# [-0.246830, 0.213258]
# [-0.256308, 0.743692]
# Best taps:
-0.0015058196149766445
0.0008660796447657049
-0.005448759067803621
-0.0047263819724321365
0.00091205770149827
0.012520276941359043
0.006886153481900692
0.028377564623951912
0.03620528429746628
0.007879411801695824
0.09946271777153015
-0.013424270786345005
0.13095323741436005
0.40208494663238525
0.13095323741436005
-0.013424270786345005
0.09946271777153015
0.007879411801695824
0.03620528429746628
0.028377564623951912
0.006886153481900692
0.012520276941359043
0.00091205770149827
-0.0047263819724321365
-0.005448759067803621
0.0008660796447657049
-0.0015058196149766445

# ================================================================
# Instance: /Users/samknows/stream1090/bench/rtl32/captures/t1_3200k_30s.cu8
# Time: 2026-09-04 11:05:18
# FS: 3.2 MHz → FS_UP: 16.0 MHz
# Number of taps: 27
# Best score: 20672
# Best message count: 15570
# Best DF17 count: 2272
# Best params: [1.371048962025972, 0.0728351232283165, 0.46097092242455845, 0.5486067886014993, 0.4815377561326376, 0.328618307300743, 0.7415992268990046, 0.09683541636047427, 0.7614532813089187, 0.4492807236919557, 0.44479199013929793, 0.04325015871668573, -0.0758305757559707]
# Current bounds:
# [0.859881, 1.859881]
# [-0.162490, 0.594095]
# [0.431645, 0.486517]
# [0.537932, 0.587932]
# [0.452088, 0.502088]
# [0.242145, 0.357094]
# [0.691801, 0.741801]
# [0.072683, 0.251824]
# [0.755638, 0.805638]
# [0.439740, 0.513299]
# [0.415003, 0.465003]
# [0.032991, 0.082991]
# [-0.373269, 0.016845]
# Best taps:
-0.0015125852078199387
0.0004306994960643351
-0.005476745311170816
-0.0051028248853981495
0.0031615414191037416
0.01506899669766426
0.008095811121165752
0.031680941581726074
0.04207172244787216
0.014583618380129337
0.08941657841205597
-0.011702537536621094
0.12103024870157242
0.39650917053222656
0.12103024870157242
-0.011702537536621094
0.08941657841205597
0.014583618380129337
0.04207172244787216
0.031680941581726074
0.008095811121165752
0.01506899669766426
0.0031615414191037416
-0.0051028248853981495
-0.005476745311170816
0.0004306994960643351
-0.0015125852078199387

# ==================== END OF RUN ====================
# Time: 2026-09-04 11:05:18
# Instance: /Users/samknows/stream1090/bench/rtl32/captures/t1_3200k_30s.cu8
# FS: 3.2 MHz → FS_UP: 16.0 MHz
# Number of taps: 27
# Best params: [1.371048962025972, 0.0728351232283165, 0.46097092242455845, 0.5486067886014993, 0.4815377561326376, 0.328618307300743, 0.7415992268990046, 0.09683541636047427, 0.7614532813089187, 0.4492807236919557, 0.44479199013929793, 0.04325015871668573, -0.0758305757559707]
# Best score: 20672
# Best message count: 15570
# Best DF17 count: 2272
# Current bounds:
# [0.859881, 1.859881]
# [-0.162490, 0.594095]
# [0.431645, 0.486517]
# [0.537932, 0.587932]
# [0.452088, 0.502088]
# [0.242145, 0.357094]
# [0.691801, 0.741801]
# [0.072683, 0.251824]
# [0.755638, 0.805638]
# [0.439740, 0.513299]
# [0.415003, 0.465003]
# [0.032991, 0.082991]
# [-0.373269, 0.016845]
# Best taps:
-0.0015125852078199387
0.0004306994960643351
-0.005476745311170816
-0.0051028248853981495
0.0031615414191037416
0.01506899669766426
0.008095811121165752
0.031680941581726074
0.04207172244787216
0.014583618380129337
0.08941657841205597
-0.011702537536621094
0.12103024870157242
0.39650917053222656
0.12103024870157242
-0.011702537536621094
0.08941657841205597
0.014583618380129337
0.04207172244787216
0.031680941581726074
0.008095811121165752
0.01506899669766426
0.0031615414191037416
-0.0051028248853981495
-0.005476745311170816
0.0004306994960643351
-0.0015125852078199387

# ================================================================
# Instance: /Users/samknows/stream1090/bench/rtl32/captures/t1_3200k_30s.cu8
# Time: 2026-09-04 11:07:58
# FS: 3.2 MHz → FS_UP: 16.0 MHz
# Number of taps: 27
# Best score: 20693
# Best message count: 15582
# Best DF17 count: 2275
# Best params: [1.2846853750337177, 0.101103295409104, 0.45625192502677603, 0.5441280121694044, 0.466027503070211, 0.3335715824133543, 0.7170723127506545, 0.08918119430334011, 0.7804476837417691, 0.4424203312555007, 0.4711317706266967, 0.03957001626309318, -0.08271147294135124]
# Current bounds:
# [0.945870, 1.796228]
# [-0.021443, 0.167114]
# [0.430847, 0.491095]
# [0.523607, 0.573607]
# [0.456538, 0.506538]
# [0.303618, 0.353618]
# [0.716599, 0.766599]
# [0.052156, 0.141515]
# [0.718617, 0.804289]
# [0.424281, 0.474281]
# [0.410094, 0.479490]
# [0.018250, 0.068250]
# [-0.117457, -0.034204]
# Best taps:
-0.001203527208417654
0.0006911205127835274
-0.005607102066278458
-0.004386041779071093
0.0035713252145797014
0.015229740180075169
0.007380819413810968
0.03174704685807228
0.0420391708612442
0.010258663445711136
0.09170032292604446
-0.014207425527274609
0.1200551688671112
0.40546131134033203
0.1200551688671112
-0.014207425527274609
0.09170032292604446
0.010258663445711136
0.0420391708612442
0.03174704685807228
0.007380819413810968
0.015229740180075169
0.0035713252145797014
-0.004386041779071093
-0.005607102066278458
0.0006911205127835274
-0.001203527208417654

# ==================== END OF RUN ====================
# Time: 2026-09-04 11:07:58
# Instance: /Users/samknows/stream1090/bench/rtl32/captures/t1_3200k_30s.cu8
# FS: 3.2 MHz → FS_UP: 16.0 MHz
# Number of taps: 27
# Best params: [1.2846853750337177, 0.101103295409104, 0.45625192502677603, 0.5441280121694044, 0.466027503070211, 0.3335715824133543, 0.7170723127506545, 0.08918119430334011, 0.7804476837417691, 0.4424203312555007, 0.4711317706266967, 0.03957001626309318, -0.08271147294135124]
# Best score: 20693
# Best message count: 15582
# Best DF17 count: 2275
# Current bounds:
# [0.945870, 1.796228]
# [-0.021443, 0.167114]
# [0.430847, 0.491095]
# [0.523607, 0.573607]
# [0.456538, 0.506538]
# [0.303618, 0.353618]
# [0.716599, 0.766599]
# [0.052156, 0.141515]
# [0.718617, 0.804289]
# [0.424281, 0.474281]
# [0.410094, 0.479490]
# [0.018250, 0.068250]
# [-0.117457, -0.034204]
# Best taps:
-0.001203527208417654
0.0006911205127835274
-0.005607102066278458
-0.004386041779071093
0.0035713252145797014
0.015229740180075169
0.007380819413810968
0.03174704685807228
0.0420391708612442
0.010258663445711136
0.09170032292604446
-0.014207425527274609
0.1200551688671112
0.40546131134033203
0.1200551688671112
-0.014207425527274609
0.09170032292604446
0.010258663445711136
0.0420391708612442
0.03174704685807228
0.007380819413810968
0.015229740180075169
0.0035713252145797014
-0.004386041779071093
-0.005607102066278458
0.0006911205127835274
-0.001203527208417654

# ================================================================
# Instance: /Users/samknows/stream1090/bench/rtl32/captures/t1_3200k_30s.cu8
# Time: 2026-09-04 11:10:37
# FS: 3.2 MHz → FS_UP: 16.0 MHz
# Number of taps: 27
# Best score: 20703
# Best message count: 15585
# Best DF17 count: 2278
# Best params: [1.1570217376596126, 0.1842333025629935, 0.4386163338369798, 0.5450984389588956, 0.44711795081101785, 0.33447024718082924, 0.7338731548376691, 0.08861155334079963, 0.7772909923928665, 0.4247309259081691, 0.4474367406237315, 0.05105814609307125, -0.04063559948566682]
# Current bounds:
# [1.150659, 1.418712]
# [-0.014767, 0.216974]
# [0.396719, 0.515785]
# [0.519128, 0.569128]
# [0.441028, 0.491028]
# [0.308572, 0.358572]
# [0.692072, 0.742072]
# [0.064181, 0.114181]
# [0.749457, 0.811439]
# [0.417420, 0.467420]
# [0.388532, 0.553732]
# [0.014570, 0.064570]
# [-0.142626, -0.022797]
# Best taps:
-0.0006450928631238639
0.0012435412500053644
-0.005265672691166401
-0.004719942808151245
0.0044112177565693855
0.01481709536164999
0.006445633247494698
0.029140867292881012
0.03842402622103691
0.010980379767715931
0.08962803333997726
-0.016721848398447037
0.12046656757593155
0.42359039187431335
0.12046656757593155
-0.016721848398447037
0.08962803333997726
0.010980379767715931
0.03842402622103691
0.029140867292881012
0.006445633247494698
0.01481709536164999
0.0044112177565693855
-0.004719942808151245
-0.005265672691166401
0.0012435412500053644
-0.0006450928631238639

# ==================== END OF RUN ====================
# Time: 2026-09-04 11:10:37
# Instance: /Users/samknows/stream1090/bench/rtl32/captures/t1_3200k_30s.cu8
# FS: 3.2 MHz → FS_UP: 16.0 MHz
# Number of taps: 27
# Best params: [1.1570217376596126, 0.1842333025629935, 0.4386163338369798, 0.5450984389588956, 0.44711795081101785, 0.33447024718082924, 0.7338731548376691, 0.08861155334079963, 0.7772909923928665, 0.4247309259081691, 0.4474367406237315, 0.05105814609307125, -0.04063559948566682]
# Best score: 20703
# Best message count: 15585
# Best DF17 count: 2278
# Current bounds:
# [1.150659, 1.418712]
# [-0.014767, 0.216974]
# [0.396719, 0.515785]
# [0.519128, 0.569128]
# [0.441028, 0.491028]
# [0.308572, 0.358572]
# [0.692072, 0.742072]
# [0.064181, 0.114181]
# [0.749457, 0.811439]
# [0.417420, 0.467420]
# [0.388532, 0.553732]
# [0.014570, 0.064570]
# [-0.142626, -0.022797]
# Best taps:
-0.0006450928631238639
0.0012435412500053644
-0.005265672691166401
-0.004719942808151245
0.0044112177565693855
0.01481709536164999
0.006445633247494698
0.029140867292881012
0.03842402622103691
0.010980379767715931
0.08962803333997726
-0.016721848398447037
0.12046656757593155
0.42359039187431335
0.12046656757593155
-0.016721848398447037
0.08962803333997726
0.010980379767715931
0.03842402622103691
0.029140867292881012
0.006445633247494698
0.01481709536164999
0.0044112177565693855
-0.004719942808151245
-0.005265672691166401
0.0012435412500053644
-0.0006450928631238639

# ================================================================
# Instance: /Users/samknows/stream1090/bench/rtl32/captures/t1_3200k_30s.cu8
# Time: 2026-09-04 11:13:16
# FS: 3.2 MHz → FS_UP: 16.0 MHz
# Number of taps: 27
# Best score: 20736
# Best message count: 15608
# Best DF17 count: 2285
# Best params: [1.2099166128224366, 0.13839949072427735, 0.4294333137098985, 0.5425277454961425, 0.454074612338756, 0.3589128929250161, 0.6976528967293205, 0.10472323857950931, 0.7665226105327342, 0.4103917009638983, 0.4524747546500307, 0.06650178381548776, 0.02537255111448921]
# Current bounds:
# [1.100665, 1.213378]
# [0.088947, 0.279520]
# [0.413616, 0.463616]
# [0.520098, 0.570098]
# [0.412238, 0.481998]
# [0.309470, 0.359470]
# [0.695124, 0.772622]
# [0.060067, 0.117156]
# [0.752291, 0.802291]
# [0.399731, 0.449731]
# [0.422437, 0.472437]
# [0.023289, 0.078827]
# [-0.131032, 0.049760]
# Best taps:
-0.0007009435212239623
0.000557946739718318
-0.00519431009888649
-0.004576099570840597
0.00459774537011981
0.013351361267268658
0.008021941408514977
0.030890459194779396
0.040378835052251816
0.01505547296255827
0.08480469882488251
-0.010465433821082115
0.11380918323993683
0.41893821954727173
0.11380918323993683
-0.010465433821082115
0.08480469882488251
0.01505547296255827
0.040378835052251816
0.030890459194779396
0.008021941408514977
0.013351361267268658
0.00459774537011981
-0.004576099570840597
-0.00519431009888649
0.000557946739718318
-0.0007009435212239623

# ==================== END OF RUN ====================
# Time: 2026-09-04 11:13:16
# Instance: /Users/samknows/stream1090/bench/rtl32/captures/t1_3200k_30s.cu8
# FS: 3.2 MHz → FS_UP: 16.0 MHz
# Number of taps: 27
# Best params: [1.2099166128224366, 0.13839949072427735, 0.4294333137098985, 0.5425277454961425, 0.454074612338756, 0.3589128929250161, 0.6976528967293205, 0.10472323857950931, 0.7665226105327342, 0.4103917009638983, 0.4524747546500307, 0.06650178381548776, 0.02537255111448921]
# Best score: 20736
# Best message count: 15608
# Best DF17 count: 2285
# Current bounds:
# [1.100665, 1.213378]
# [0.088947, 0.279520]
# [0.413616, 0.463616]
# [0.520098, 0.570098]
# [0.412238, 0.481998]
# [0.309470, 0.359470]
# [0.695124, 0.772622]
# [0.060067, 0.117156]
# [0.752291, 0.802291]
# [0.399731, 0.449731]
# [0.422437, 0.472437]
# [0.023289, 0.078827]
# [-0.131032, 0.049760]
# Best taps:
-0.0007009435212239623
0.000557946739718318
-0.00519431009888649
-0.004576099570840597
0.00459774537011981
0.013351361267268658
0.008021941408514977
0.030890459194779396
0.040378835052251816
0.01505547296255827
0.08480469882488251
-0.010465433821082115
0.11380918323993683
0.41893821954727173
0.11380918323993683
-0.010465433821082115
0.08480469882488251
0.01505547296255827
0.040378835052251816
0.030890459194779396
0.008021941408514977
0.013351361267268658
0.00459774537011981
-0.004576099570840597
-0.00519431009888649
0.000557946739718318
-0.0007009435212239623

# ==================== END OF RUN ====================
# Time: 2026-09-04 11:15:53
# Instance: /Users/samknows/stream1090/bench/rtl32/captures/t1_3200k_30s.cu8
# FS: 3.2 MHz → FS_UP: 16.0 MHz
# Number of taps: 27
# Best params: [1.2099166128224366, 0.13839949072427735, 0.4294333137098985, 0.5425277454961425, 0.454074612338756, 0.3589128929250161, 0.6976528967293205, 0.10472323857950931, 0.7665226105327342, 0.4103917009638983, 0.4524747546500307, 0.06650178381548776, 0.02537255111448921]
# Best score: 20736
# Best message count: 15608
# Best DF17 count: 2285
# Current bounds:
# [1.012667, 1.407166]
# [0.066519, 0.210280]
# [0.404433, 0.454433]
# [0.517528, 0.567528]
# [0.429075, 0.479075]
# [0.278848, 0.438978]
# [0.646833, 0.748473]
# [0.021517, 0.187930]
# [0.695382, 0.837664]
# [0.385392, 0.435392]
# [0.421361, 0.483589]
# [0.024862, 0.108142]
# [0.000373, 0.050373]
# Best taps:
-0.0007009435212239623
0.000557946739718318
-0.00519431009888649
-0.004576099570840597
0.00459774537011981
0.013351361267268658
0.008021941408514977
0.030890459194779396
0.040378835052251816
0.01505547296255827
0.08480469882488251
-0.010465433821082115
0.11380918323993683
0.41893821954727173
0.11380918323993683
-0.010465433821082115
0.08480469882488251
0.01505547296255827
0.040378835052251816
0.030890459194779396
0.008021941408514977
0.013351361267268658
0.00459774537011981
-0.004576099570840597
-0.00519431009888649
0.000557946739718318
-0.0007009435212239623

# ==================== END OF RUN ====================
# Time: 2026-09-04 11:18:30
# Instance: /Users/samknows/stream1090/bench/rtl32/captures/t1_3200k_30s.cu8
# FS: 3.2 MHz → FS_UP: 16.0 MHz
# Number of taps: 27
# Best params: [1.2099166128224366, 0.13839949072427735, 0.4294333137098985, 0.5425277454961425, 0.454074612338756, 0.3589128929250161, 0.6976528967293205, 0.10472323857950931, 0.7665226105327342, 0.4103917009638983, 0.4524747546500307, 0.06650178381548776, 0.02537255111448921]
# Best score: 20736
# Best message count: 15608
# Best DF17 count: 2285
# Current bounds:
# [1.171124, 1.248709]
# [0.109546, 0.167253]
# [0.390830, 0.468037]
# [0.517528, 0.567528]
# [0.429075, 0.479075]
# [0.287462, 0.430364]
# [0.672653, 0.722653]
# [0.079723, 0.129723]
# [0.690234, 0.842811]
# [0.369121, 0.451663]
# [0.421811, 0.483138]
# [-0.001461, 0.134464]
# [-0.016331, 0.067076]
# Best taps:
-0.0007009435212239623
0.000557946739718318
-0.00519431009888649
-0.004576099570840597
0.00459774537011981
0.013351361267268658
0.008021941408514977
0.030890459194779396
0.040378835052251816
0.01505547296255827
0.08480469882488251
-0.010465433821082115
0.11380918323993683
0.41893821954727173
0.11380918323993683
-0.010465433821082115
0.08480469882488251
0.01505547296255827
0.040378835052251816
0.030890459194779396
0.008021941408514977
0.013351361267268658
0.00459774537011981
-0.004576099570840597
-0.00519431009888649
0.000557946739718318
-0.0007009435212239623

# ==================== END OF RUN ====================
# Time: 2026-09-04 11:21:06
# Instance: /Users/samknows/stream1090/bench/rtl32/captures/t1_3200k_30s.cu8
# FS: 3.2 MHz → FS_UP: 16.0 MHz
# Number of taps: 27
# Best params: [1.2099166128224366, 0.13839949072427735, 0.4294333137098985, 0.5425277454961425, 0.454074612338756, 0.3589128929250161, 0.6976528967293205, 0.10472323857950931, 0.7665226105327342, 0.4103917009638983, 0.4524747546500307, 0.06650178381548776, 0.02537255111448921]
# Best score: 20736
# Best message count: 15608
# Best DF17 count: 2285
# Current bounds:
# [1.135484, 1.284349]
# [0.113399, 0.163399]
# [0.356512, 0.502355]
# [0.517528, 0.567528]
# [0.429075, 0.479075]
# [0.259511, 0.458315]
# [0.672653, 0.722653]
# [0.056823, 0.152624]
# [0.741523, 0.791523]
# [0.374925, 0.445859]
# [0.427475, 0.477475]
# [-0.002540, 0.135543]
# [0.000373, 0.050373]
# Best taps:
-0.0007009435212239623
0.000557946739718318
-0.00519431009888649
-0.004576099570840597
0.00459774537011981
0.013351361267268658
0.008021941408514977
0.030890459194779396
0.040378835052251816
0.01505547296255827
0.08480469882488251
-0.010465433821082115
0.11380918323993683
0.41893821954727173
0.11380918323993683
-0.010465433821082115
0.08480469882488251
0.01505547296255827
0.040378835052251816
0.030890459194779396
0.008021941408514977
0.013351361267268658
0.00459774537011981
-0.004576099570840597
-0.00519431009888649
0.000557946739718318
-0.0007009435212239623

